06:51:03 **** Incremental Build of configuration Debug for project LAB3_Game ****
make -j16 all 
arm-none-eabi-gcc "../Core/Src/main.c" -mcpu=cortex-m4 -std=gnu11 -g3 -DDEBUG -DUSE_HAL_DRIVER -DSTM32G474xx -c -I../Core/Inc -I../Drivers/STM32G4xx_HAL_Driver/Inc -I../Drivers/STM32G4xx_HAL_Driver/Inc/Legacy -I../Drivers/CMSIS/Device/ST/STM32G4xx/Include -I../Drivers/CMSIS/Include -O0 -ffunction-sections -fdata-sections -Wall -fstack-usage -fcyclomatic-complexity -MMD -MP -MF"Core/Src/main.d" -MT"Core/Src/main.o" --specs=nano.specs -mfpu=fpv4-sp-d16 -mfloat-abi=hard -mthumb -o "Core/Src/main.o"
../Core/Src/main.c: In function 'main':
../Core/Src/main.c:137:19: warning: implicit declaration of function 'AreYouReadyToPlay' [-Wimplicit-function-declaration]
  137 |                   AreYouReadyToPlay();
      |                   ^~~~~~~~~~~~~~~~~
../Core/Src/main.c:138:15: warning: implicit declaration of function 'SPITxRx_readIO' [-Wimplicit-function-declaration]
  138 |               SPITxRx_readIO();
      |               ^~~~~~~~~~~~~~
../Core/Src/main.c:139:15: warning: implicit declaration of function 'TikTokGame' [-Wimplicit-function-declaration]
  139 |               TikTokGame();
      |               ^~~~~~~~~~
../Core/Src/main.c:140:15: warning: implicit declaration of function 'CoinLeftUART' [-Wimplicit-function-declaration]
  140 |               CoinLeftUART();
      |               ^~~~~~~~~~~~
../Core/Src/main.c:141:15: warning: implicit declaration of function 'LEDdisplay' [-Wimplicit-function-declaration]
  141 |               LEDdisplay();
      |               ^~~~~~~~~~
../Core/Src/main.c: At top level:
../Core/Src/main.c:377:6: warning: conflicting types for 'AreYouReadyToPlay'; have 'void()'
  377 | void AreYouReadyToPlay() {
      |      ^~~~~~~~~~~~~~~~~
../Core/Src/main.c:137:19: note: previous implicit declaration of 'AreYouReadyToPlay' with type 'void()'
  137 |                   AreYouReadyToPlay();
      |                   ^~~~~~~~~~~~~~~~~
../Core/Src/main.c:410:6: warning: conflicting types for 'SPITxRx_readIO'; have 'void()'
  410 | void SPITxRx_readIO()
      |      ^~~~~~~~~~~~~~
../Core/Src/main.c:138:15: note: previous implicit declaration of 'SPITxRx_readIO' with type 'void()'
  138 |               SPITxRx_readIO();
      |               ^~~~~~~~~~~~~~
../Core/Src/main.c:423:6: warning: conflicting types for 'TikTokGame'; have 'void()'
  423 | void TikTokGame()
      |      ^~~~~~~~~~
../Core/Src/main.c:139:15: note: previous implicit declaration of 'TikTokGame' with type 'void()'
  139 |               TikTokGame();
      |               ^~~~~~~~~~
../Core/Src/main.c:599:6: warning: conflicting types for 'LEDdisplay'; have 'void()'
  599 | void LEDdisplay() {
      |      ^~~~~~~~~~
../Core/Src/main.c:141:15: note: previous implicit declaration of 'LEDdisplay' with type 'void()'
  141 |               LEDdisplay();
      |               ^~~~~~~~~~
../Core/Src/main.c:637:6: warning: conflicting types for 'CoinLeftUART'; have 'void()'
  637 | void CoinLeftUART() {
      |      ^~~~~~~~~~~~
../Core/Src/main.c:140:15: note: previous implicit declaration of 'CoinLeftUART' with type 'void()'
  140 |               CoinLeftUART();
      |               ^~~~~~~~~~~~
arm-none-eabi-gcc -o "LAB3_Game.elf" @"objects.list"   -mcpu=cortex-m4 -T"D:\UNIVERSITY\YR2\FRA222_MicroCon\FRA222_LAB3_SPIGAME\LAB2_Game\LAB3_Game\STM32G474RETX_FLASH.ld" --specs=nosys.specs -Wl,-Map="LAB3_Game.map" -Wl,--gc-sections -static --specs=nano.specs -mfpu=fpv4-sp-d16 -mfloat-abi=hard -mthumb -Wl,--start-group -lc -lm -Wl,--end-group
Finished building target: LAB3_Game.elf
 
arm-none-eabi-size   LAB3_Game.elf 
arm-none-eabi-objdump -h -S  LAB3_Game.elf  > "LAB3_Game.list"
   text	   data	    bss	    dec	    hex	filename
  22784	    104	   2296	  25184	   6260	LAB3_Game.elf
Finished building: default.size.stdout
 
Finished building: LAB3_Game.list
 

06:51:04 Build Finished. 0 errors, 10 warnings. (took 911ms)

