../Core/Src/main.c:77:5:main	8	static
../Core/Src/main.c:125:6:SystemClock_Config	88	static
../Core/Src/main.c:172:13:MX_LPUART1_UART_Init	8	static
../Core/Src/main.c:219:13:MX_SPI3_Init	8	static
../Core/Src/main.c:259:13:MX_GPIO_Init	48	static
../Core/Src/main.c:307:6:SPITxRx_Setup	8	static
../Core/Src/main.c:316:6:SPITxRx_readIO	8	static
../Core/Src/main.c:329:6:TikTokGame	4	static
../Core/Src/main.c:370:6:HAL_SPI_TxRxCpltCallback	16	static
../Core/Src/main.c:380:6:Error_Handler	4	static,ignoring_inline_asm
