Archive member included to satisfy reference by file (symbol)

D:/WORK/CODING/STM32 CUBE IDE/STM32CubeIDE_1.13.2/STM32CubeIDE/plugins/com.st.stm32cube.ide.mcu.externaltools.gnu-tools-for-stm32.11.3.rel1.win32_1.1.1.202309131626/tools/bin/../lib/gcc/arm-none-eabi/11.3.1/../../../../arm-none-eabi/lib/thumb/v7e-m+fp/hard\libc_nano.a(libc_a-exit.o)
                              D:/WORK/CODING/STM32 CUBE IDE/STM32CubeIDE_1.13.2/STM32CubeIDE/plugins/com.st.stm32cube.ide.mcu.externaltools.gnu-tools-for-stm32.11.3.rel1.win32_1.1.1.202309131626/tools/bin/../lib/gcc/arm-none-eabi/11.3.1/../../../../arm-none-eabi/lib/thumb/v7e-m+fp/hard/crt0.o (exit)
D:/WORK/CODING/STM32 CUBE IDE/STM32CubeIDE_1.13.2/STM32CubeIDE/plugins/com.st.stm32cube.ide.mcu.externaltools.gnu-tools-for-stm32.11.3.rel1.win32_1.1.1.202309131626/tools/bin/../lib/gcc/arm-none-eabi/11.3.1/../../../../arm-none-eabi/lib/thumb/v7e-m+fp/hard\libc_nano.a(libc_a-findfp.o)
                              D:/WORK/CODING/STM32 CUBE IDE/STM32CubeIDE_1.13.2/STM32CubeIDE/plugins/com.st.stm32cube.ide.mcu.externaltools.gnu-tools-for-stm32.11.3.rel1.win32_1.1.1.202309131626/tools/bin/../lib/gcc/arm-none-eabi/11.3.1/../../../../arm-none-eabi/lib/thumb/v7e-m+fp/hard\libc_nano.a(libc_a-exit.o) (__stdio_exit_handler)
D:/WORK/CODING/STM32 CUBE IDE/STM32CubeIDE_1.13.2/STM32CubeIDE/plugins/com.st.stm32cube.ide.mcu.externaltools.gnu-tools-for-stm32.11.3.rel1.win32_1.1.1.202309131626/tools/bin/../lib/gcc/arm-none-eabi/11.3.1/../../../../arm-none-eabi/lib/thumb/v7e-m+fp/hard\libc_nano.a(libc_a-fwalk.o)
                              D:/WORK/CODING/STM32 CUBE IDE/STM32CubeIDE_1.13.2/STM32CubeIDE/plugins/com.st.stm32cube.ide.mcu.externaltools.gnu-tools-for-stm32.11.3.rel1.win32_1.1.1.202309131626/tools/bin/../lib/gcc/arm-none-eabi/11.3.1/../../../../arm-none-eabi/lib/thumb/v7e-m+fp/hard\libc_nano.a(libc_a-findfp.o) (_fwalk_sglue)
D:/WORK/CODING/STM32 CUBE IDE/STM32CubeIDE_1.13.2/STM32CubeIDE/plugins/com.st.stm32cube.ide.mcu.externaltools.gnu-tools-for-stm32.11.3.rel1.win32_1.1.1.202309131626/tools/bin/../lib/gcc/arm-none-eabi/11.3.1/../../../../arm-none-eabi/lib/thumb/v7e-m+fp/hard\libc_nano.a(libc_a-sprintf.o)
                              ./Core/Src/main.o (sprintf)
D:/WORK/CODING/STM32 CUBE IDE/STM32CubeIDE_1.13.2/STM32CubeIDE/plugins/com.st.stm32cube.ide.mcu.externaltools.gnu-tools-for-stm32.11.3.rel1.win32_1.1.1.202309131626/tools/bin/../lib/gcc/arm-none-eabi/11.3.1/../../../../arm-none-eabi/lib/thumb/v7e-m+fp/hard\libc_nano.a(libc_a-stdio.o)
                              D:/WORK/CODING/STM32 CUBE IDE/STM32CubeIDE_1.13.2/STM32CubeIDE/plugins/com.st.stm32cube.ide.mcu.externaltools.gnu-tools-for-stm32.11.3.rel1.win32_1.1.1.202309131626/tools/bin/../lib/gcc/arm-none-eabi/11.3.1/../../../../arm-none-eabi/lib/thumb/v7e-m+fp/hard\libc_nano.a(libc_a-findfp.o) (__sread)
D:/WORK/CODING/STM32 CUBE IDE/STM32CubeIDE_1.13.2/STM32CubeIDE/plugins/com.st.stm32cube.ide.mcu.externaltools.gnu-tools-for-stm32.11.3.rel1.win32_1.1.1.202309131626/tools/bin/../lib/gcc/arm-none-eabi/11.3.1/../../../../arm-none-eabi/lib/thumb/v7e-m+fp/hard\libc_nano.a(libc_a-memset.o)
                              D:/WORK/CODING/STM32 CUBE IDE/STM32CubeIDE_1.13.2/STM32CubeIDE/plugins/com.st.stm32cube.ide.mcu.externaltools.gnu-tools-for-stm32.11.3.rel1.win32_1.1.1.202309131626/tools/bin/../lib/gcc/arm-none-eabi/11.3.1/../../../../arm-none-eabi/lib/thumb/v7e-m+fp/hard/crt0.o (memset)
D:/WORK/CODING/STM32 CUBE IDE/STM32CubeIDE_1.13.2/STM32CubeIDE/plugins/com.st.stm32cube.ide.mcu.externaltools.gnu-tools-for-stm32.11.3.rel1.win32_1.1.1.202309131626/tools/bin/../lib/gcc/arm-none-eabi/11.3.1/../../../../arm-none-eabi/lib/thumb/v7e-m+fp/hard\libc_nano.a(libc_a-closer.o)
                              D:/WORK/CODING/STM32 CUBE IDE/STM32CubeIDE_1.13.2/STM32CubeIDE/plugins/com.st.stm32cube.ide.mcu.externaltools.gnu-tools-for-stm32.11.3.rel1.win32_1.1.1.202309131626/tools/bin/../lib/gcc/arm-none-eabi/11.3.1/../../../../arm-none-eabi/lib/thumb/v7e-m+fp/hard\libc_nano.a(libc_a-stdio.o) (_close_r)
D:/WORK/CODING/STM32 CUBE IDE/STM32CubeIDE_1.13.2/STM32CubeIDE/plugins/com.st.stm32cube.ide.mcu.externaltools.gnu-tools-for-stm32.11.3.rel1.win32_1.1.1.202309131626/tools/bin/../lib/gcc/arm-none-eabi/11.3.1/../../../../arm-none-eabi/lib/thumb/v7e-m+fp/hard\libc_nano.a(libc_a-reent.o)
                              D:/WORK/CODING/STM32 CUBE IDE/STM32CubeIDE_1.13.2/STM32CubeIDE/plugins/com.st.stm32cube.ide.mcu.externaltools.gnu-tools-for-stm32.11.3.rel1.win32_1.1.1.202309131626/tools/bin/../lib/gcc/arm-none-eabi/11.3.1/../../../../arm-none-eabi/lib/thumb/v7e-m+fp/hard\libc_nano.a(libc_a-closer.o) (errno)
D:/WORK/CODING/STM32 CUBE IDE/STM32CubeIDE_1.13.2/STM32CubeIDE/plugins/com.st.stm32cube.ide.mcu.externaltools.gnu-tools-for-stm32.11.3.rel1.win32_1.1.1.202309131626/tools/bin/../lib/gcc/arm-none-eabi/11.3.1/../../../../arm-none-eabi/lib/thumb/v7e-m+fp/hard\libc_nano.a(libc_a-impure.o)
[...]
Memory Configuration

Name             Origin             Length             Attributes
RAM              0x0000000020000000 0x0000000000020000 xrw
FLASH            0x0000000008000000 0x0000000000080000 xr
*default*        0x0000000000000000 0xffffffffffffffff

Linker script and memory map

LOAD D:/WORK/CODING/STM32 CUBE IDE/STM32CubeIDE_1.13.2/STM32CubeIDE/plugins/com.st.stm32cube.ide.mcu.externaltools.gnu-tools-for-stm32.11.3.rel1.win32_1.1.1.202309131626/tools/bin/../lib/gcc/arm-none-eabi/11.3.1/thumb/v7e-m+fp/hard/crti.o
LOAD D:/WORK/CODING/STM32 CUBE IDE/STM32CubeIDE_1.13.2/STM32CubeIDE/plugins/com.st.stm32cube.ide.mcu.externaltools.gnu-tools-for-stm32.11.3.rel1.win32_1.1.1.202309131626/tools/bin/../lib/gcc/arm-none-eabi/11.3.1/thumb/v7e-m+fp/hard/crtbegin.o
LOAD D:/WORK/CODING/STM32 CUBE IDE/STM32CubeIDE_1.13.2/STM32CubeIDE/plugins/com.st.stm32cube.ide.mcu.externaltools.gnu-tools-for-stm32.11.3.rel1.win32_1.1.1.202309131626/tools/bin/../lib/gcc/arm-none-eabi/11.3.1/../../../../arm-none-eabi/lib/thumb/v7e-m+fp/hard/crt0.o
LOAD ./Core/Src/main.o
LOAD ./Core/Src/stm32g4xx_hal_msp.o
LOAD ./Core/Src/stm32g4xx_it.o
LOAD ./Core/Src/syscalls.o
LOAD ./Core/Src/sysmem.o
LOAD ./Core/Src/system_stm32g4xx.o
LOAD ./Core/Startup/startup_stm32g474retx.o
LOAD ./Drivers/STM32G4xx_HAL_Driver/Src/stm32g4xx_hal.o
LOAD ./Drivers/STM32G4xx_HAL_Driver/Src/stm32g4xx_hal_cortex.o
LOAD ./Drivers/STM32G4xx_HAL_Driver/Src/stm32g4xx_hal_dma.o
LOAD ./Drivers/STM32G4xx_HAL_Driver/Src/stm32g4xx_hal_dma_ex.o
LOAD ./Drivers/STM32G4xx_HAL_Driver/Src/stm32g4xx_hal_exti.o
LOAD ./Drivers/STM32G4xx_HAL_Driver/Src/stm32g4xx_hal_flash.o
LOAD ./Drivers/STM32G4xx_HAL_Driver/Src/stm32g4xx_hal_flash_ex.o
LOAD ./Drivers/STM32G4xx_HAL_Driver/Src/stm32g4xx_hal_flash_ramfunc.o
LOAD ./Drivers/STM32G4xx_HAL_Driver/Src/stm32g4xx_hal_gpio.o
LOAD ./Drivers/STM32G4xx_HAL_Driver/Src/stm32g4xx_hal_pwr.o
LOAD ./Drivers/STM32G4xx_HAL_Driver/Src/stm32g4xx_hal_pwr_ex.o
LOAD ./Drivers/STM32G4xx_HAL_Driver/Src/stm32g4xx_hal_rcc.o
LOAD ./Drivers/STM32G4xx_HAL_Driver/Src/stm32g4xx_hal_rcc_ex.o
LOAD ./Drivers/STM32G4xx_HAL_Driver/Src/stm32g4xx_hal_spi.o
LOAD ./Drivers/STM32G4xx_HAL_Driver/Src/stm32g4xx_hal_spi_ex.o
LOAD ./Drivers/STM32G4xx_HAL_Driver/Src/stm32g4xx_hal_tim.o
LOAD ./Drivers/STM32G4xx_HAL_Driver/Src/stm32g4xx_hal_tim_ex.o
LOAD ./Drivers/STM32G4xx_HAL_Driver/Src/stm32g4xx_hal_uart.o
LOAD ./Drivers/STM32G4xx_HAL_Driver/Src/stm32g4xx_hal_uart_ex.o
START GROUP
LOAD D:/WORK/CODING/STM32 CUBE IDE/STM32CubeIDE_1.13.2/STM32CubeIDE/plugins/com.st.stm32cube.ide.mcu.externaltools.gnu-tools-for-stm32.11.3.rel1.win32_1.1.1.202309131626/tools/bin/../lib/gcc/arm-none-eabi/11.3.1/../../../../arm-none-eabi/lib/thumb/v7e-m+fp/hard\libc_nano.a
LOAD D:/WORK/CODING/STM32 CUBE IDE/STM32CubeIDE_1.13.2/STM32CubeIDE/plugins/com.st.stm32cube.ide.mcu.externaltools.gnu-tools-for-stm32.11.3.rel1.win32_1.1.1.202309131626/tools/bin/../lib/gcc/arm-none-eabi/11.3.1/../../../../arm-none-eabi/lib/thumb/v7e-m+fp/hard\libm.a
END GROUP
START GROUP
LOAD D:/WORK/CODING/STM32 CUBE IDE/STM32CubeIDE_1.13.2/STM32CubeIDE/plugins/com.st.stm32cube.ide.mcu.externaltools.gnu-tools-for-stm32.11.3.rel1.win32_1.1.1.202309131626/tools/bin/../lib/gcc/arm-none-eabi/11.3.1/thumb/v7e-m+fp/hard\libgcc.a
LOAD D:/WORK/CODING/STM32 CUBE IDE/STM32CubeIDE_1.13.2/STM32CubeIDE/plugins/com.st.stm32cube.ide.mcu.externaltools.gnu-tools-for-stm32.11.3.rel1.win32_1.1.1.202309131626/tools/bin/../lib/gcc/arm-none-eabi/11.3.1/../../../../arm-none-eabi/lib/thumb/v7e-m+fp/hard\libc_nano.a
END GROUP
START GROUP
LOAD D:/WORK/CODING/STM32 CUBE IDE/STM32CubeIDE_1.13.2/STM32CubeIDE/plugins/com.st.stm32cube.ide.mcu.externaltools.gnu-tools-for-stm32.11.3.rel1.win32_1.1.1.202309131626/tools/bin/../lib/gcc/arm-none-eabi/11.3.1/thumb/v7e-m+fp/hard\libgcc.a
LOAD D:/WORK/CODING/STM32 CUBE IDE/STM32CubeIDE_1.13.2/STM32CubeIDE/plugins/com.st.stm32cube.ide.mcu.externaltools.gnu-tools-for-stm32.11.3.rel1.win32_1.1.1.202309131626/tools/bin/../lib/gcc/arm-none-eabi/11.3.1/../../../../arm-none-eabi/lib/thumb/v7e-m+fp/hard\libc_nano.a
LOAD D:/WORK/CODING/STM32 CUBE IDE/STM32CubeIDE_1.13.2/STM32CubeIDE/plugins/com.st.stm32cube.ide.mcu.externaltools.gnu-tools-for-stm32.11.3.rel1.win32_1.1.1.202309131626/tools/bin/../lib/gcc/arm-none-eabi/11.3.1/../../../../arm-none-eabi/lib/thumb/v7e-m+fp/hard\libnosys.a
END GROUP
START GROUP
LOAD D:/WORK/CODING/STM32 CUBE IDE/STM32CubeIDE_1.13.2/STM32CubeIDE/plugins/com.st.stm32cube.ide.mcu.externaltools.gnu-tools-for-stm32.11.3.rel1.win32_1.1.1.202309131626/tools/bin/../lib/gcc/arm-none-eabi/11.3.1/thumb/v7e-m+fp/hard\libgcc.a
LOAD D:/WORK/CODING/STM32 CUBE IDE/STM32CubeIDE_1.13.2/STM32CubeIDE/plugins/com.st.stm32cube.ide.mcu.externaltools.gnu-tools-for-stm32.11.3.rel1.win32_1.1.1.202309131626/tools/bin/../lib/gcc/arm-none-eabi/11.3.1/../../../../arm-none-eabi/lib/thumb/v7e-m+fp/hard\libc_nano.a
LOAD D:/WORK/CODING/STM32 CUBE IDE/STM32CubeIDE_1.13.2/STM32CubeIDE/plugins/com.st.stm32cube.ide.mcu.externaltools.gnu-tools-for-stm32.11.3.rel1.win32_1.1.1.202309131626/tools/bin/../lib/gcc/arm-none-eabi/11.3.1/../../../../arm-none-eabi/lib/thumb/v7e-m+fp/hard\libnosys.a
END GROUP
LOAD D:/WORK/CODING/STM32 CUBE IDE/STM32CubeIDE_1.13.2/STM32CubeIDE/plugins/com.st.stm32cube.ide.mcu.externaltools.gnu-tools-for-stm32.11.3.rel1.win32_1.1.1.202309131626/tools/bin/../lib/gcc/arm-none-eabi/11.3.1/thumb/v7e-m+fp/hard/crtend.o
LOAD D:/WORK/CODING/STM32 CUBE IDE/STM32CubeIDE_1.13.2/STM32CubeIDE/plugins/com.st.stm32cube.ide.mcu.externaltools.gnu-tools-for-stm32.11.3.rel1.win32_1.1.1.202309131626/tools/bin/../lib/gcc/arm-none-eabi/11.3.1/thumb/v7e-m+fp/hard/crtn.o
                0x0000000020020000                _estack = (ORIGIN (RAM) + LENGTH (RAM))
                0x0000000000000200                _Min_Heap_Size = 0x200
                0x0000000000000400                _Min_Stack_Size = 0x400

.isr_vector     0x0000000008000000      0x1d8
                0x0000000008000000                . = ALIGN (0x4)
 *(.isr_vector)
 .isr_vector    0x0000000008000000      0x1d8 ./Core/Startup/startup_stm32g474retx.o
                0x0000000008000000                g_pfnVectors
                0x00000000080001d8                . = ALIGN (0x4)

.text           0x00000000080001e0     0x5088
                0x00000000080001e0                . = ALIGN (0x4)
 *(.text)
 .text          0x00000000080001e0       0x40 D:/WORK/CODING/STM32 CUBE IDE/STM32CubeIDE_1.13.2/STM32CubeIDE/plugins/com.st.stm32cube.ide.mcu.externaltools.gnu-tools-for-stm32.11.3.rel1.win32_1.1.1.202309131626/tools/bin/../lib/gcc/arm-none-eabi/11.3.1/thumb/v7e-m+fp/hard/crtbegin.o
 .text          0x0000000008000220       0x10 D:/WORK/CODING/STM32 CUBE IDE/STM32CubeIDE_1.13.2/STM32CubeIDE/plugins/com.st.stm32cube.ide.mcu.externaltools.gnu-tools-for-stm32.11.3.rel1.win32_1.1.1.202309131626/tools/bin/../lib/gcc/arm-none-eabi/11.3.1/../../../../arm-none-eabi/lib/thumb/v7e-m+fp/hard\libc_nano.a(libc_a-strlen.o)
                0x0000000008000220                strlen
 .text          0x0000000008000230       0xa0 D:/WORK/CODING/STM32 CUBE IDE/STM32CubeIDE_1.13.2/STM32CubeIDE/plugins/com.st.stm32cube.ide.mcu.externaltools.gnu-tools-for-stm32.11.3.rel1.win32_1.1.1.202309131626/tools/bin/../lib/gcc/arm-none-eabi/11.3.1/../../../../arm-none-eabi/lib/thumb/v7e-m+fp/hard\libc_nano.a(libc_a-memchr.o)
                0x0000000008000230                memchr
 .text          0x00000000080002d0       0x30 D:/WORK/CODING/STM32 CUBE IDE/STM32CubeIDE_1.13.2/STM32CubeIDE/plugins/com.st.stm32cube.ide.mcu.externaltools.gnu-tools-for-stm32.11.3.rel1.win32_1.1.1.202309131626/tools/bin/../lib/gcc/arm-none-eabi/11.3.1/thumb/v7e-m+fp/hard\libgcc.a(_aeabi_uldivmod.o)
                0x00000000080002d0                __aeabi_uldivmod
 .text          0x0000000008000300      0x2c8 D:/WORK/CODING/STM32 CUBE IDE/STM32CubeIDE_1.13.2/STM32CubeIDE/plugins/com.st.stm32cube.ide.mcu.externaltools.gnu-tools-for-stm32.11.3.rel1.win32_1.1.1.202309131626/tools/bin/../lib/gcc/arm-none-eabi/11.3.1/thumb/v7e-m+fp/hard\libgcc.a(_udivmoddi4.o)
                0x0000000008000300                __udivmoddi4
 .text          0x00000000080005c8        0x4 D:/WORK/CODING/STM32 CUBE IDE/STM32CubeIDE_1.13.2/STM32CubeIDE/plugins/com.st.stm32cube.ide.mcu.externaltools.gnu-tools-for-stm32.11.3.rel1.win32_1.1.1.202309131626/tools/bin/../lib/gcc/arm-none-eabi/11.3.1/thumb/v7e-m+fp/hard\libgcc.a(_dvmd_tls.o)
                0x00000000080005c8                __aeabi_idiv0
                0x00000000080005c8                __aeabi_ldiv0
 *(.text*)
 .text.main     0x00000000080005cc       0x48 ./Core/Src/main.o
                0x00000000080005cc                main
 .text.SystemClock_Config
                0x0000000008000614       0x96 ./Core/Src/main.o
                0x0000000008000614                SystemClock_Config
 *fill*         0x00000000080006aa        0x2 
 .text.MX_LPUART1_UART_Init
                0x00000000080006ac       0x94 ./Core/Src/main.o
 .text.MX_SPI3_Init
                0x0000000008000740       0x7c ./Core/Src/main.o
 .text.MX_TIM3_Init
                0x00000000080007bc       0x9c ./Core/Src/main.o
 .text.MX_GPIO_Init
                0x0000000008000858      0x120 ./Core/Src/main.o
 .text.SPITxRx_Setup
                0x0000000008000978       0x2c ./Core/Src/main.o
                0x0000000008000978                SPITxRx_Setup
 .text.SPITxRx_readIO
                0x00000000080009a4       0x54 ./Core/Src/main.o
                0x00000000080009a4                SPITxRx_readIO
 .text.TikTokGame
                0x00000000080009f8      0x2a8 ./Core/Src/main.o
                0x00000000080009f8                TikTokGame
 .text.LEDdisplay
                0x0000000008000ca0       0xe4 ./Core/Src/main.o
                0x0000000008000ca0                LEDdisplay
 .text.CoinLeftUART
                0x0000000008000d84       0x40 ./Core/Src/main.o
                0x0000000008000d84                CoinLeftUART
 .text.HAL_SPI_TxRxCpltCallback
                0x0000000008000dc4       0x20 ./Core/Src/main.o
                0x0000000008000dc4                HAL_SPI_TxRxCpltCallback
 .text.Error_Handler
                0x0000000008000de4        0xa ./Core/Src/main.o
                0x0000000008000de4                Error_Handler
 *fill*         0x0000000008000dee        0x2 
 .text.HAL_MspInit
                0x0000000008000df0       0x48 ./Core/Src/stm32g4xx_hal_msp.o
                0x0000000008000df0                HAL_MspInit
 .text.HAL_UART_MspInit
                0x0000000008000e38       0xb0 ./Core/Src/stm32g4xx_hal_msp.o
                0x0000000008000e38                HAL_UART_MspInit
 .text.HAL_SPI_MspInit
                0x0000000008000ee8       0x98 ./Core/Src/stm32g4xx_hal_msp.o
                0x0000000008000ee8                HAL_SPI_MspInit
 .text.HAL_TIM_Base_MspInit
                0x0000000008000f80       0x40 ./Core/Src/stm32g4xx_hal_msp.o
                0x0000000008000f80                HAL_TIM_Base_MspInit
 .text.NMI_Handler
                0x0000000008000fc0        0x6 ./Core/Src/stm32g4xx_it.o
                0x0000000008000fc0                NMI_Handler
 .text.HardFault_Handler
                0x0000000008000fc6        0x6 ./Core/Src/stm32g4xx_it.o
                0x0000000008000fc6                HardFault_Handler
 .text.MemManage_Handler
                0x0000000008000fcc        0x6 ./Core/Src/stm32g4xx_it.o
                0x0000000008000fcc                MemManage_Handler
 .text.BusFault_Handler
                0x0000000008000fd2        0x6 ./Core/Src/stm32g4xx_it.o
                0x0000000008000fd2                BusFault_Handler
 .text.UsageFault_Handler
                0x0000000008000fd8        0x6 ./Core/Src/stm32g4xx_it.o
                0x0000000008000fd8                UsageFault_Handler
 .text.SVC_Handler
                0x0000000008000fde        0xe ./Core/Src/stm32g4xx_it.o
                0x0000000008000fde                SVC_Handler
 .text.DebugMon_Handler
                0x0000000008000fec        0xe ./Core/Src/stm32g4xx_it.o
                0x0000000008000fec                DebugMon_Handler
 .text.PendSV_Handler
                0x0000000008000ffa        0xe ./Core/Src/stm32g4xx_it.o
                0x0000000008000ffa                PendSV_Handler
 .text.SysTick_Handler
                0x0000000008001008        0xc ./Core/Src/stm32g4xx_it.o
                0x0000000008001008                SysTick_Handler
 .text.EXTI15_10_IRQHandler
                0x0000000008001014       0x10 ./Core/Src/stm32g4xx_it.o
                0x0000000008001014                EXTI15_10_IRQHandler
 .text.SPI3_IRQHandler
                0x0000000008001024       0x14 ./Core/Src/stm32g4xx_it.o
                0x0000000008001024                SPI3_IRQHandler
 .text._sbrk    0x0000000008001038       0x6c ./Core/Src/sysmem.o
                0x0000000008001038                _sbrk
 .text.SystemInit
                0x00000000080010a4       0x24 ./Core/Src/system_stm32g4xx.o
                0x00000000080010a4                SystemInit
 .text.Reset_Handler
                0x00000000080010c8       0x50 ./Core/Startup/startup_stm32g474retx.o
                0x00000000080010c8                Reset_Handler
 .text.Default_Handler
                0x0000000008001118        0x2 ./Core/Startup/startup_stm32g474retx.o
                0x0000000008001118                RTC_Alarm_IRQHandler
                0x0000000008001118                EXTI2_IRQHandler
                0x0000000008001118                TIM8_TRG_COM_IRQHandler
                0x0000000008001118                TIM8_CC_IRQHandler
                0x0000000008001118                HRTIM1_Master_IRQHandler
                0x0000000008001118                SPI4_IRQHandler
                0x0000000008001118                FDCAN3_IT0_IRQHandler
                0x0000000008001118                TIM1_CC_IRQHandler
                0x0000000008001118                HRTIM1_FLT_IRQHandler
                0x0000000008001118                HRTIM1_TIMF_IRQHandler
                0x0000000008001118                USB_HP_IRQHandler
                0x0000000008001118                CORDIC_IRQHandler
                0x0000000008001118                HRTIM1_TIMD_IRQHandler
                0x0000000008001118                DMA2_Channel8_IRQHandler
                0x0000000008001118                EXTI3_IRQHandler
                0x0000000008001118                I2C3_ER_IRQHandler
                0x0000000008001118                EXTI0_IRQHandler
                0x0000000008001118                I2C2_EV_IRQHandler
                0x0000000008001118                FPU_IRQHandler
                0x0000000008001118                FDCAN1_IT1_IRQHandler
                0x0000000008001118                TIM1_UP_TIM16_IRQHandler
                0x0000000008001118                ADC1_2_IRQHandler
                0x0000000008001118                HRTIM1_TIME_IRQHandler
                0x0000000008001118                SPI1_IRQHandler
                0x0000000008001118                TIM6_DAC_IRQHandler
                0x0000000008001118                HRTIM1_TIMC_IRQHandler
                0x0000000008001118                TIM8_UP_IRQHandler
                0x0000000008001118                DMA2_Channel2_IRQHandler
                0x0000000008001118                DMA1_Channel4_IRQHandler
                0x0000000008001118                TIM20_TRG_COM_IRQHandler
                0x0000000008001118                USART3_IRQHandler
                0x0000000008001118                DMA1_Channel7_IRQHandler
                0x0000000008001118                UART5_IRQHandler
                0x0000000008001118                ADC3_IRQHandler
                0x0000000008001118                TIM4_IRQHandler
                0x0000000008001118                DMA2_Channel1_IRQHandler
                0x0000000008001118                QUADSPI_IRQHandler
                0x0000000008001118                I2C1_EV_IRQHandler
                0x0000000008001118                DMA1_Channel6_IRQHandler
                0x0000000008001118                UART4_IRQHandler
                0x0000000008001118                DMA2_Channel4_IRQHandler
                0x0000000008001118                TIM3_IRQHandler
                0x0000000008001118                RCC_IRQHandler
                0x0000000008001118                TIM20_UP_IRQHandler
                0x0000000008001118                DMA1_Channel1_IRQHandler
                0x0000000008001118                Default_Handler
                0x0000000008001118                DMA2_Channel7_IRQHandler
                0x0000000008001118                RTC_TAMP_LSECSS_IRQHandler
                0x0000000008001118                FMAC_IRQHandler
                0x0000000008001118                DMA1_Channel8_IRQHandler
                0x0000000008001118                HRTIM1_TIMA_IRQHandler
                0x0000000008001118                TIM7_DAC_IRQHandler
                0x0000000008001118                FDCAN3_IT1_IRQHandler
                0x0000000008001118                TIM5_IRQHandler
                0x0000000008001118                UCPD1_IRQHandler
                0x0000000008001118                I2C3_EV_IRQHandler
                0x0000000008001118                EXTI9_5_IRQHandler
                0x0000000008001118                RTC_WKUP_IRQHandler
                0x0000000008001118                PVD_PVM_IRQHandler
                0x0000000008001118                SPI2_IRQHandler
                0x0000000008001118                ADC5_IRQHandler
                0x0000000008001118                DMA2_Channel5_IRQHandler
                0x0000000008001118                CRS_IRQHandler
                0x0000000008001118                DMA1_Channel5_IRQHandler
                0x0000000008001118                USB_LP_IRQHandler
                0x0000000008001118                EXTI4_IRQHandler
                0x0000000008001118                RNG_IRQHandler
                0x0000000008001118                HRTIM1_TIMB_IRQHandler
                0x0000000008001118                TIM1_TRG_COM_TIM17_IRQHandler
                0x0000000008001118                FDCAN2_IT1_IRQHandler
                0x0000000008001118                DMA1_Channel3_IRQHandler
                0x0000000008001118                ADC4_IRQHandler
                0x0000000008001118                WWDG_IRQHandler
                0x0000000008001118                I2C4_EV_IRQHandler
                0x0000000008001118                FDCAN2_IT0_IRQHandler
                0x0000000008001118                LPUART1_IRQHandler
                0x0000000008001118                DMA2_Channel6_IRQHandler
                0x0000000008001118                FDCAN1_IT0_IRQHandler
                0x0000000008001118                TIM2_IRQHandler
                0x0000000008001118                COMP7_IRQHandler
                0x0000000008001118                COMP1_2_3_IRQHandler
                0x0000000008001118                EXTI1_IRQHandler
                0x0000000008001118                USART2_IRQHandler
                0x0000000008001118                COMP4_5_6_IRQHandler
                0x0000000008001118                TIM20_BRK_IRQHandler
                0x0000000008001118                I2C2_ER_IRQHandler
                0x0000000008001118                DMA1_Channel2_IRQHandler
                0x0000000008001118                TIM8_BRK_IRQHandler
                0x0000000008001118                FLASH_IRQHandler
                0x0000000008001118                TIM20_CC_IRQHandler
                0x0000000008001118                USART1_IRQHandler
                0x0000000008001118                I2C1_ER_IRQHandler
                0x0000000008001118                FMC_IRQHandler
                0x0000000008001118                LPTIM1_IRQHandler
                0x0000000008001118                DMAMUX_OVR_IRQHandler
                0x0000000008001118                I2C4_ER_IRQHandler
                0x0000000008001118                USBWakeUp_IRQHandler
                0x0000000008001118                SAI1_IRQHandler
                0x0000000008001118                DMA2_Channel3_IRQHandler
                0x0000000008001118                TIM1_BRK_TIM15_IRQHandler
 .text.HAL_Init
                0x000000000800111a       0x30 ./Drivers/STM32G4xx_HAL_Driver/Src/stm32g4xx_hal.o
                0x000000000800111a                HAL_Init
 *fill*         0x000000000800114a        0x2 
 .text.HAL_InitTick
                0x000000000800114c       0x74 ./Drivers/STM32G4xx_HAL_Driver/Src/stm32g4xx_hal.o
                0x000000000800114c                HAL_InitTick
 .text.HAL_IncTick
                0x00000000080011c0       0x24 ./Drivers/STM32G4xx_HAL_Driver/Src/stm32g4xx_hal.o
                0x00000000080011c0                HAL_IncTick
 .text.HAL_GetTick
                0x00000000080011e4       0x18 ./Drivers/STM32G4xx_HAL_Driver/Src/stm32g4xx_hal.o
                0x00000000080011e4                HAL_GetTick
 .text.HAL_Delay
                0x00000000080011fc       0x44 ./Drivers/STM32G4xx_HAL_Driver/Src/stm32g4xx_hal.o
                0x00000000080011fc                HAL_Delay
 .text.__NVIC_SetPriorityGrouping
                0x0000000008001240       0x48 ./Drivers/STM32G4xx_HAL_Driver/Src/stm32g4xx_hal_cortex.o
 .text.__NVIC_GetPriorityGrouping
                0x0000000008001288       0x1c ./Drivers/STM32G4xx_HAL_Driver/Src/stm32g4xx_hal_cortex.o
 .text.__NVIC_EnableIRQ
                0x00000000080012a4       0x3c ./Drivers/STM32G4xx_HAL_Driver/Src/stm32g4xx_hal_cortex.o
 .text.__NVIC_SetPriority
                0x00000000080012e0       0x54 ./Drivers/STM32G4xx_HAL_Driver/Src/stm32g4xx_hal_cortex.o
 .text.NVIC_EncodePriority
                0x0000000008001334       0x66 ./Drivers/STM32G4xx_HAL_Driver/Src/stm32g4xx_hal_cortex.o
 *fill*         0x000000000800139a        0x2 
 .text.SysTick_Config
                0x000000000800139c       0x44 ./Drivers/STM32G4xx_HAL_Driver/Src/stm32g4xx_hal_cortex.o
 .text.HAL_NVIC_SetPriorityGrouping
                0x00000000080013e0       0x16 ./Drivers/STM32G4xx_HAL_Driver/Src/stm32g4xx_hal_cortex.o
                0x00000000080013e0                HAL_NVIC_SetPriorityGrouping
 .text.HAL_NVIC_SetPriority
                0x00000000080013f6       0x34 ./Drivers/STM32G4xx_HAL_Driver/Src/stm32g4xx_hal_cortex.o
                0x00000000080013f6                HAL_NVIC_SetPriority
 .text.HAL_NVIC_EnableIRQ
                0x000000000800142a       0x1c ./Drivers/STM32G4xx_HAL_Driver/Src/stm32g4xx_hal_cortex.o
                0x000000000800142a                HAL_NVIC_EnableIRQ
 .text.HAL_SYSTICK_Config
                0x0000000008001446       0x18 ./Drivers/STM32G4xx_HAL_Driver/Src/stm32g4xx_hal_cortex.o
                0x0000000008001446                HAL_SYSTICK_Config
 .text.HAL_DMA_Abort_IT
                0x000000000800145e       0xce ./Drivers/STM32G4xx_HAL_Driver/Src/stm32g4xx_hal_dma.o
                0x000000000800145e                HAL_DMA_Abort_IT
 .text.HAL_GPIO_Init
                0x000000000800152c      0x304 ./Drivers/STM32G4xx_HAL_Driver/Src/stm32g4xx_hal_gpio.o
                0x000000000800152c                HAL_GPIO_Init
 .text.HAL_GPIO_ReadPin
                0x0000000008001830       0x30 ./Drivers/STM32G4xx_HAL_Driver/Src/stm32g4xx_hal_gpio.o
                0x0000000008001830                HAL_GPIO_ReadPin
 .text.HAL_GPIO_WritePin
                0x0000000008001860       0x30 ./Drivers/STM32G4xx_HAL_Driver/Src/stm32g4xx_hal_gpio.o
                0x0000000008001860                HAL_GPIO_WritePin
 .text.HAL_GPIO_EXTI_IRQHandler
                0x0000000008001890       0x30 ./Drivers/STM32G4xx_HAL_Driver/Src/stm32g4xx_hal_gpio.o
                0x0000000008001890                HAL_GPIO_EXTI_IRQHandler
 .text.HAL_GPIO_EXTI_Callback
                0x00000000080018c0       0x16 ./Drivers/STM32G4xx_HAL_Driver/Src/stm32g4xx_hal_gpio.o
                0x00000000080018c0                HAL_GPIO_EXTI_Callback
 *fill*         0x00000000080018d6        0x2 
 .text.HAL_PWREx_ControlVoltageScaling
                0x00000000080018d8      0x148 ./Drivers/STM32G4xx_HAL_Driver/Src/stm32g4xx_hal_pwr_ex.o
                0x00000000080018d8                HAL_PWREx_ControlVoltageScaling
 .text.HAL_PWREx_DisableUCPDDeadBattery
                0x0000000008001a20       0x20 ./Drivers/STM32G4xx_HAL_Driver/Src/stm32g4xx_hal_pwr_ex.o
                0x0000000008001a20                HAL_PWREx_DisableUCPDDeadBattery
 .text.HAL_RCC_OscConfig
                0x0000000008001a40      0x624 ./Drivers/STM32G4xx_HAL_Driver/Src/stm32g4xx_hal_rcc.o
                0x0000000008001a40                HAL_RCC_OscConfig
 .text.HAL_RCC_ClockConfig
                0x0000000008002064      0x278 ./Drivers/STM32G4xx_HAL_Driver/Src/stm32g4xx_hal_rcc.o
                0x0000000008002064                HAL_RCC_ClockConfig
 .text.HAL_RCC_GetSysClockFreq
                0x00000000080022dc       0xc4 ./Drivers/STM32G4xx_HAL_Driver/Src/stm32g4xx_hal_rcc.o
                0x00000000080022dc                HAL_RCC_GetSysClockFreq
 .text.HAL_RCC_GetHCLKFreq
                0x00000000080023a0       0x18 ./Drivers/STM32G4xx_HAL_Driver/Src/stm32g4xx_hal_rcc.o
                0x00000000080023a0                HAL_RCC_GetHCLKFreq
 .text.HAL_RCC_GetPCLK1Freq
                0x00000000080023b8       0x2c ./Drivers/STM32G4xx_HAL_Driver/Src/stm32g4xx_hal_rcc.o
                0x00000000080023b8                HAL_RCC_GetPCLK1Freq
 .text.HAL_RCC_GetPCLK2Freq
                0x00000000080023e4       0x2c ./Drivers/STM32G4xx_HAL_Driver/Src/stm32g4xx_hal_rcc.o
                0x00000000080023e4                HAL_RCC_GetPCLK2Freq
 .text.RCC_GetSysClockFreqFromPLLSource
                0x0000000008002410       0x8c ./Drivers/STM32G4xx_HAL_Driver/Src/stm32g4xx_hal_rcc.o
 .text.HAL_RCCEx_PeriphCLKConfig
                0x000000000800249c      0x49c ./Drivers/STM32G4xx_HAL_Driver/Src/stm32g4xx_hal_rcc_ex.o
                0x000000000800249c                HAL_RCCEx_PeriphCLKConfig
 .text.HAL_SPI_Init
                0x0000000008002938      0x156 ./Drivers/STM32G4xx_HAL_Driver/Src/stm32g4xx_hal_spi.o
                0x0000000008002938                HAL_SPI_Init
 *fill*         0x0000000008002a8e        0x2 
 .text.HAL_SPI_TransmitReceive_IT
                0x0000000008002a90      0x15c ./Drivers/STM32G4xx_HAL_Driver/Src/stm32g4xx_hal_spi.o
                0x0000000008002a90                HAL_SPI_TransmitReceive_IT
 .text.HAL_SPI_IRQHandler
                0x0000000008002bec      0x1e8 ./Drivers/STM32G4xx_HAL_Driver/Src/stm32g4xx_hal_spi.o
                0x0000000008002bec                HAL_SPI_IRQHandler
 .text.HAL_SPI_RxCpltCallback
                0x0000000008002dd4       0x14 ./Drivers/STM32G4xx_HAL_Driver/Src/stm32g4xx_hal_spi.o
                0x0000000008002dd4                HAL_SPI_RxCpltCallback
 .text.HAL_SPI_ErrorCallback
                0x0000000008002de8       0x14 ./Drivers/STM32G4xx_HAL_Driver/Src/stm32g4xx_hal_spi.o
                0x0000000008002de8                HAL_SPI_ErrorCallback
 .text.SPI_DMAAbortOnError
                0x0000000008002dfc       0x2a ./Drivers/STM32G4xx_HAL_Driver/Src/stm32g4xx_hal_spi.o
 .text.SPI_2linesRxISR_8BIT
                0x0000000008002e26       0xbe ./Drivers/STM32G4xx_HAL_Driver/Src/stm32g4xx_hal_spi.o
 .text.SPI_2linesTxISR_8BIT
                0x0000000008002ee4       0x92 ./Drivers/STM32G4xx_HAL_Driver/Src/stm32g4xx_hal_spi.o
 .text.SPI_2linesRxISR_16BIT
                0x0000000008002f76       0x66 ./Drivers/STM32G4xx_HAL_Driver/Src/stm32g4xx_hal_spi.o
 .text.SPI_2linesTxISR_16BIT
                0x0000000008002fdc       0x60 ./Drivers/STM32G4xx_HAL_Driver/Src/stm32g4xx_hal_spi.o
 .text.SPI_WaitFlagStateUntilTimeout
                0x000000000800303c      0x110 ./Drivers/STM32G4xx_HAL_Driver/Src/stm32g4xx_hal_spi.o
 .text.SPI_WaitFifoStateUntilTimeout
                0x000000000800314c      0x12c ./Drivers/STM32G4xx_HAL_Driver/Src/stm32g4xx_hal_spi.o
 .text.SPI_EndRxTxTransaction
                0x0000000008003278       0x8c ./Drivers/STM32G4xx_HAL_Driver/Src/stm32g4xx_hal_spi.o
 .text.SPI_CloseRxTx_ISR
                0x0000000008003304       0x84 ./Drivers/STM32G4xx_HAL_Driver/Src/stm32g4xx_hal_spi.o
 .text.HAL_TIM_Base_Init
                0x0000000008003388       0xae ./Drivers/STM32G4xx_HAL_Driver/Src/stm32g4xx_hal_tim.o
                0x0000000008003388                HAL_TIM_Base_Init
 *fill*         0x0000000008003436        0x2 
 .text.HAL_TIM_Base_Start
                0x0000000008003438       0xe0 ./Drivers/STM32G4xx_HAL_Driver/Src/stm32g4xx_hal_tim.o
                0x0000000008003438                HAL_TIM_Base_Start
 .text.HAL_TIM_ConfigClockSource
                0x0000000008003518      0x22c ./Drivers/STM32G4xx_HAL_Driver/Src/stm32g4xx_hal_tim.o
                0x0000000008003518                HAL_TIM_ConfigClockSource
 .text.TIM_Base_SetConfig
                0x0000000008003744      0x168 ./Drivers/STM32G4xx_HAL_Driver/Src/stm32g4xx_hal_tim.o
                0x0000000008003744                TIM_Base_SetConfig
 .text.TIM_TI1_ConfigInputStage
                0x00000000080038ac       0x5e ./Drivers/STM32G4xx_HAL_Driver/Src/stm32g4xx_hal_tim.o
 .text.TIM_TI2_ConfigInputStage
                0x000000000800390a       0x60 ./Drivers/STM32G4xx_HAL_Driver/Src/stm32g4xx_hal_tim.o
 .text.TIM_ITRx_SetConfig
                0x000000000800396a       0x3a ./Drivers/STM32G4xx_HAL_Driver/Src/stm32g4xx_hal_tim.o
 .text.TIM_ETR_SetConfig
                0x00000000080039a4       0x40 ./Drivers/STM32G4xx_HAL_Driver/Src/stm32g4xx_hal_tim.o
                0x00000000080039a4                TIM_ETR_SetConfig
 .text.HAL_TIMEx_MasterConfigSynchronization
                0x00000000080039e4      0x12c ./Drivers/STM32G4xx_HAL_Driver/Src/stm32g4xx_hal_tim_ex.o
                0x00000000080039e4                HAL_TIMEx_MasterConfigSynchronization
 .text.HAL_UART_Init
                0x0000000008003b10       0xa0 ./Drivers/STM32G4xx_HAL_Driver/Src/stm32g4xx_hal_uart.o
                0x0000000008003b10                HAL_UART_Init
 .text.HAL_UART_Transmit
                0x0000000008003bb0      0x11c ./Drivers/STM32G4xx_HAL_Driver/Src/stm32g4xx_hal_uart.o
                0x0000000008003bb0                HAL_UART_Transmit
 .text.UART_SetConfig
                0x0000000008003ccc      0x5f8 ./Drivers/STM32G4xx_HAL_Driver/Src/stm32g4xx_hal_uart.o
                0x0000000008003ccc                UART_SetConfig
 .text.UART_AdvFeatureConfig
                0x00000000080042c4      0x144 ./Drivers/STM32G4xx_HAL_Driver/Src/stm32g4xx_hal_uart.o
                0x00000000080042c4                UART_AdvFeatureConfig
 .text.UART_CheckIdleState
                0x0000000008004408      0x154 ./Drivers/STM32G4xx_HAL_Driver/Src/stm32g4xx_hal_uart.o
                0x0000000008004408                UART_CheckIdleState
 .text.UART_WaitOnFlagUntilTimeout
                0x000000000800455c       0xda ./Drivers/STM32G4xx_HAL_Driver/Src/stm32g4xx_hal_uart.o
                0x000000000800455c                UART_WaitOnFlagUntilTimeout
 .text.UART_EndRxTransfer
                0x0000000008004636       0xcc ./Drivers/STM32G4xx_HAL_Driver/Src/stm32g4xx_hal_uart.o
 .text.HAL_UARTEx_DisableFifoMode
                0x0000000008004702       0x72 ./Drivers/STM32G4xx_HAL_Driver/Src/stm32g4xx_hal_uart_ex.o
                0x0000000008004702                HAL_UARTEx_DisableFifoMode
 .text.HAL_UARTEx_SetTxFifoThreshold
                0x0000000008004774       0x7c ./Drivers/STM32G4xx_HAL_Driver/Src/stm32g4xx_hal_uart_ex.o
                0x0000000008004774                HAL_UARTEx_SetTxFifoThreshold
 .text.HAL_UARTEx_SetRxFifoThreshold
                0x00000000080047f0       0x7c ./Drivers/STM32G4xx_HAL_Driver/Src/stm32g4xx_hal_uart_ex.o
                0x00000000080047f0                HAL_UARTEx_SetRxFifoThreshold
 .text.UARTEx_SetNbDataToProcess
                0x000000000800486c       0x9c ./Drivers/STM32G4xx_HAL_Driver/Src/stm32g4xx_hal_uart_ex.o
 .text.sprintf  0x0000000008004908       0x40 D:/WORK/CODING/STM32 CUBE IDE/STM32CubeIDE_1.13.2/STM32CubeIDE/plugins/com.st.stm32cube.ide.mcu.externaltools.gnu-tools-for-stm32.11.3.rel1.win32_1.1.1.202309131626/tools/bin/../lib/gcc/arm-none-eabi/11.3.1/../../../../arm-none-eabi/lib/thumb/v7e-m+fp/hard\libc_nano.a(libc_a-sprintf.o)
                0x0000000008004908                siprintf
                0x0000000008004908                sprintf
 .text.memset   0x0000000008004948       0x10 D:/WORK/CODING/STM32 CUBE IDE/STM32CubeIDE_1.13.2/STM32CubeIDE/plugins/com.st.stm32cube.ide.mcu.externaltools.gnu-tools-for-stm32.11.3.rel1.win32_1.1.1.202309131626/tools/bin/../lib/gcc/arm-none-eabi/11.3.1/../../../../arm-none-eabi/lib/thumb/v7e-m+fp/hard\libc_nano.a(libc_a-memset.o)
                0x0000000008004948                memset
 .text.__errno  0x0000000008004958        0xc D:/WORK/CODING/STM32 CUBE IDE/STM32CubeIDE_1.13.2/STM32CubeIDE/plugins/com.st.stm32cube.ide.mcu.externaltools.gnu-tools-for-stm32.11.3.rel1.win32_1.1.1.202309131626/tools/bin/../lib/gcc/arm-none-eabi/11.3.1/../../../../arm-none-eabi/lib/thumb/v7e-m+fp/hard\libc_nano.a(libc_a-errno.o)
                0x0000000008004958                __errno
 .text.__libc_init_array
                0x0000000008004964       0x48 D:/WORK/CODING/STM32 CUBE IDE/STM32CubeIDE_1.13.2/STM32CubeIDE/plugins/com.st.stm32cube.ide.mcu.externaltools.gnu-tools-for-stm32.11.3.rel1.win32_1.1.1.202309131626/tools/bin/../lib/gcc/arm-none-eabi/11.3.1/../../../../arm-none-eabi/lib/thumb/v7e-m+fp/hard\libc_nano.a(libc_a-init.o)
                0x0000000008004964                __libc_init_array
 .text.__retarget_lock_acquire_recursive
                0x00000000080049ac        0x2 D:/WORK/CODING/STM32 CUBE IDE/STM32CubeIDE_1.13.2/STM32CubeIDE/plugins/com.st.stm32cube.ide.mcu.externaltools.gnu-tools-for-stm32.11.3.rel1.win32_1.1.1.202309131626/tools/bin/../lib/gcc/arm-none-eabi/11.3.1/../../../../arm-none-eabi/lib/thumb/v7e-m+fp/hard\libc_nano.a(libc_a-lock.o)
                0x00000000080049ac                __retarget_lock_acquire_recursive
 .text.__retarget_lock_release_recursive
                0x00000000080049ae        0x2 D:/WORK/CODING/STM32 CUBE IDE/STM32CubeIDE_1.13.2/STM32CubeIDE/plugins/com.st.stm32cube.ide.mcu.externaltools.gnu-tools-for-stm32.11.3.rel1.win32_1.1.1.202309131626/tools/bin/../lib/gcc/arm-none-eabi/11.3.1/../../../../arm-none-eabi/lib/thumb/v7e-m+fp/hard\libc_nano.a(libc_a-lock.o)
                0x00000000080049ae                __retarget_lock_release_recursive
 .text._free_r  0x00000000080049b0       0x98 D:/WORK/CODING/STM32 CUBE IDE/STM32CubeIDE_1.13.2/STM32CubeIDE/plugins/com.st.stm32cube.ide.mcu.externaltools.gnu-tools-for-stm32.11.3.rel1.win32_1.1.1.202309131626/tools/bin/../lib/gcc/arm-none-eabi/11.3.1/../../../../arm-none-eabi/lib/thumb/v7e-m+fp/hard\libc_nano.a(libc_a-freer.o)
                0x00000000080049b0                _free_r
 .text.sbrk_aligned
                0x0000000008004a48       0x40 D:/WORK/CODING/STM32 CUBE IDE/STM32CubeIDE_1.13.2/STM32CubeIDE/plugins/com.st.stm32cube.ide.mcu.externaltools.gnu-tools-for-stm32.11.3.rel1.win32_1.1.1.202309131626/tools/bin/../lib/gcc/arm-none-eabi/11.3.1/../../../../arm-none-eabi/lib/thumb/v7e-m+fp/hard\libc_nano.a(libc_a-mallocr.o)
 .text._malloc_r
                0x0000000008004a88      0x100 D:/WORK/CODING/STM32 CUBE IDE/STM32CubeIDE_1.13.2/STM32CubeIDE/plugins/com.st.stm32cube.ide.mcu.externaltools.gnu-tools-for-stm32.11.3.rel1.win32_1.1.1.202309131626/tools/bin/../lib/gcc/arm-none-eabi/11.3.1/../../../../arm-none-eabi/lib/thumb/v7e-m+fp/hard\libc_nano.a(libc_a-mallocr.o)
                0x0000000008004a88                _malloc_r
 .text.__malloc_lock
                0x0000000008004b88        0xc D:/WORK/CODING/STM32 CUBE IDE/STM32CubeIDE_1.13.2/STM32CubeIDE/plugins/com.st.stm32cube.ide.mcu.externaltools.gnu-tools-for-stm32.11.3.rel1.win32_1.1.1.202309131626/tools/bin/../lib/gcc/arm-none-eabi/11.3.1/../../../../arm-none-eabi/lib/thumb/v7e-m+fp/hard\libc_nano.a(libc_a-mlock.o)
                0x0000000008004b88                __malloc_lock
 .text.__malloc_unlock
                0x0000000008004b94        0xc D:/WORK/CODING/STM32 CUBE IDE/STM32CubeIDE_1.13.2/STM32CubeIDE/plugins/com.st.stm32cube.ide.mcu.externaltools.gnu-tools-for-stm32.11.3.rel1.win32_1.1.1.202309131626/tools/bin/../lib/gcc/arm-none-eabi/11.3.1/../../../../arm-none-eabi/lib/thumb/v7e-m+fp/hard\libc_nano.a(libc_a-mlock.o)
                0x0000000008004b94                __malloc_unlock
 .text.__ssputs_r
                0x0000000008004ba0       0xb4 D:/WORK/CODING/STM32 CUBE IDE/STM32CubeIDE_1.13.2/STM32CubeIDE/plugins/com.st.stm32cube.ide.mcu.externaltools.gnu-tools-for-stm32.11.3.rel1.win32_1.1.1.202309131626/tools/bin/../lib/gcc/arm-none-eabi/11.3.1/../../../../arm-none-eabi/lib/thumb/v7e-m+fp/hard\libc_nano.a(libc_a-nano-svfprintf.o)
                0x0000000008004ba0                __ssputs_r
 .text._svfprintf_r
                0x0000000008004c54      0x1fc D:/WORK/CODING/STM32 CUBE IDE/STM32CubeIDE_1.13.2/STM32CubeIDE/plugins/com.st.stm32cube.ide.mcu.externaltools.gnu-tools-for-stm32.11.3.rel1.win32_1.1.1.202309131626/tools/bin/../lib/gcc/arm-none-eabi/11.3.1/../../../../arm-none-eabi/lib/thumb/v7e-m+fp/hard\libc_nano.a(libc_a-nano-svfprintf.o)
                0x0000000008004c54                _svfiprintf_r
                0x0000000008004c54                _svfprintf_r
 .text._printf_common
                0x0000000008004e50       0xda D:/WORK/CODING/STM32 CUBE IDE/STM32CubeIDE_1.13.2/STM32CubeIDE/plugins/com.st.stm32cube.ide.mcu.externaltools.gnu-tools-for-stm32.11.3.rel1.win32_1.1.1.202309131626/tools/bin/../lib/gcc/arm-none-eabi/11.3.1/../../../../arm-none-eabi/lib/thumb/v7e-m+fp/hard\libc_nano.a(libc_a-nano-vfprintf_i.o)
                0x0000000008004e50                _printf_common
 *fill*         0x0000000008004f2a        0x2 
 .text._printf_i
                0x0000000008004f2c      0x244 D:/WORK/CODING/STM32 CUBE IDE/STM32CubeIDE_1.13.2/STM32CubeIDE/plugins/com.st.stm32cube.ide.mcu.externaltools.gnu-tools-for-stm32.11.3.rel1.win32_1.1.1.202309131626/tools/bin/../lib/gcc/arm-none-eabi/11.3.1/../../../../arm-none-eabi/lib/thumb/v7e-m+fp/hard\libc_nano.a(libc_a-nano-vfprintf_i.o)
                0x0000000008004f2c                _printf_i
 .text.memmove  0x0000000008005170       0x34 D:/WORK/CODING/STM32 CUBE IDE/STM32CubeIDE_1.13.2/STM32CubeIDE/plugins/com.st.stm32cube.ide.mcu.externaltools.gnu-tools-for-stm32.11.3.rel1.win32_1.1.1.202309131626/tools/bin/../lib/gcc/arm-none-eabi/11.3.1/../../../../arm-none-eabi/lib/thumb/v7e-m+fp/hard\libc_nano.a(libc_a-memmove.o)
                0x0000000008005170                memmove
 .text._sbrk_r  0x00000000080051a4       0x20 D:/WORK/CODING/STM32 CUBE IDE/STM32CubeIDE_1.13.2/STM32CubeIDE/plugins/com.st.stm32cube.ide.mcu.externaltools.gnu-tools-for-stm32.11.3.rel1.win32_1.1.1.202309131626/tools/bin/../lib/gcc/arm-none-eabi/11.3.1/../../../../arm-none-eabi/lib/thumb/v7e-m+fp/hard\libc_nano.a(libc_a-sbrkr.o)
                0x00000000080051a4                _sbrk_r
 .text.memcpy   0x00000000080051c4       0x1c D:/WORK/CODING/STM32 CUBE IDE/STM32CubeIDE_1.13.2/STM32CubeIDE/plugins/com.st.stm32cube.ide.mcu.externaltools.gnu-tools-for-stm32.11.3.rel1.win32_1.1.1.202309131626/tools/bin/../lib/gcc/arm-none-eabi/11.3.1/../../../../arm-none-eabi/lib/thumb/v7e-m+fp/hard\libc_nano.a(libc_a-memcpy-stub.o)
                0x00000000080051c4                memcpy
 .text._realloc_r
                0x00000000080051e0       0x5e D:/WORK/CODING/STM32 CUBE IDE/STM32CubeIDE_1.13.2/STM32CubeIDE/plugins/com.st.stm32cube.ide.mcu.externaltools.gnu-tools-for-stm32.11.3.rel1.win32_1.1.1.202309131626/tools/bin/../lib/gcc/arm-none-eabi/11.3.1/../../../../arm-none-eabi/lib/thumb/v7e-m+fp/hard\libc_nano.a(libc_a-reallocr.o)
                0x00000000080051e0                _realloc_r
 .text._malloc_usable_size_r
                0x000000000800523e       0x10 D:/WORK/CODING/STM32 CUBE IDE/STM32CubeIDE_1.13.2/STM32CubeIDE/plugins/com.st.stm32cube.ide.mcu.externaltools.gnu-tools-for-stm32.11.3.rel1.win32_1.1.1.202309131626/tools/bin/../lib/gcc/arm-none-eabi/11.3.1/../../../../arm-none-eabi/lib/thumb/v7e-m+fp/hard\libc_nano.a(libc_a-msizer.o)
                0x000000000800523e                _malloc_usable_size_r
 *(.glue_7)
 .glue_7        0x000000000800524e        0x0 linker stubs
 *(.glue_7t)
 .glue_7t       0x000000000800524e        0x0 linker stubs
 *(.eh_frame)
 *fill*         0x000000000800524e        0x2 
 .eh_frame      0x0000000008005250        0x0 D:/WORK/CODING/STM32 CUBE IDE/STM32CubeIDE_1.13.2/STM32CubeIDE/plugins/com.st.stm32cube.ide.mcu.externaltools.gnu-tools-for-stm32.11.3.rel1.win32_1.1.1.202309131626/tools/bin/../lib/gcc/arm-none-eabi/11.3.1/thumb/v7e-m+fp/hard/crtbegin.o
 *(.init)
 .init          0x0000000008005250        0x4 D:/WORK/CODING/STM32 CUBE IDE/STM32CubeIDE_1.13.2/STM32CubeIDE/plugins/com.st.stm32cube.ide.mcu.externaltools.gnu-tools-for-stm32.11.3.rel1.win32_1.1.1.202309131626/tools/bin/../lib/gcc/arm-none-eabi/11.3.1/thumb/v7e-m+fp/hard/crti.o
                0x0000000008005250                _init
 .init          0x0000000008005254        0x8 D:/WORK/CODING/STM32 CUBE IDE/STM32CubeIDE_1.13.2/STM32CubeIDE/plugins/com.st.stm32cube.ide.mcu.externaltools.gnu-tools-for-stm32.11.3.rel1.win32_1.1.1.202309131626/tools/bin/../lib/gcc/arm-none-eabi/11.3.1/thumb/v7e-m+fp/hard/crtn.o
 *(.fini)
 .fini          0x000000000800525c        0x4 D:/WORK/CODING/STM32 CUBE IDE/STM32CubeIDE_1.13.2/STM32CubeIDE/plugins/com.st.stm32cube.ide.mcu.externaltools.gnu-tools-for-stm32.11.3.rel1.win32_1.1.1.202309131626/tools/bin/../lib/gcc/arm-none-eabi/11.3.1/thumb/v7e-m+fp/hard/crti.o
                0x000000000800525c                _fini
 .fini          0x0000000008005260        0x8 D:/WORK/CODING/STM32 CUBE IDE/STM32CubeIDE_1.13.2/STM32CubeIDE/plugins/com.st.stm32cube.ide.mcu.externaltools.gnu-tools-for-stm32.11.3.rel1.win32_1.1.1.202309131626/tools/bin/../lib/gcc/arm-none-eabi/11.3.1/thumb/v7e-m+fp/hard/crtn.o
                0x0000000008005268                . = ALIGN (0x4)
                0x0000000008005268                _etext = .

.vfp11_veneer   0x0000000008005268        0x0
 .vfp11_veneer  0x0000000008005268        0x0 linker stubs

.v4_bx          0x0000000008005268        0x0
 .v4_bx         0x0000000008005268        0x0 linker stubs

.iplt           0x0000000008005268        0x0
 .iplt          0x0000000008005268        0x0 D:/WORK/CODING/STM32 CUBE IDE/STM32CubeIDE_1.13.2/STM32CubeIDE/plugins/com.st.stm32cube.ide.mcu.externaltools.gnu-tools-for-stm32.11.3.rel1.win32_1.1.1.202309131626/tools/bin/../lib/gcc/arm-none-eabi/11.3.1/thumb/v7e-m+fp/hard/crtbegin.o

.rodata         0x0000000008005268       0xf0
                0x0000000008005268                . = ALIGN (0x4)
 *(.rodata)
 .rodata        0x0000000008005268       0x7a ./Core/Src/main.o
 *(.rodata*)
 *fill*         0x00000000080052e2        0x2 
 .rodata.AHBPrescTable
                0x00000000080052e4       0x10 ./Core/Src/system_stm32g4xx.o
                0x00000000080052e4                AHBPrescTable
 .rodata.APBPrescTable
                0x00000000080052f4        0x8 ./Core/Src/system_stm32g4xx.o
                0x00000000080052f4                APBPrescTable
 .rodata.UARTPrescTable
                0x00000000080052fc       0x18 ./Drivers/STM32G4xx_HAL_Driver/Src/stm32g4xx_hal_uart.o
                0x00000000080052fc                UARTPrescTable
 .rodata.numerator.1
                0x0000000008005314        0x8 ./Drivers/STM32G4xx_HAL_Driver/Src/stm32g4xx_hal_uart_ex.o
 .rodata.denominator.0
                0x000000000800531c        0x8 ./Drivers/STM32G4xx_HAL_Driver/Src/stm32g4xx_hal_uart_ex.o
 .rodata._svfprintf_r.str1.1
                0x0000000008005324       0x11 D:/WORK/CODING/STM32 CUBE IDE/STM32CubeIDE_1.13.2/STM32CubeIDE/plugins/com.st.stm32cube.ide.mcu.externaltools.gnu-tools-for-stm32.11.3.rel1.win32_1.1.1.202309131626/tools/bin/../lib/gcc/arm-none-eabi/11.3.1/../../../../arm-none-eabi/lib/thumb/v7e-m+fp/hard\libc_nano.a(libc_a-nano-svfprintf.o)
 .rodata._printf_i.str1.1
                0x0000000008005335       0x22 D:/WORK/CODING/STM32 CUBE IDE/STM32CubeIDE_1.13.2/STM32CubeIDE/plugins/com.st.stm32cube.ide.mcu.externaltools.gnu-tools-for-stm32.11.3.rel1.win32_1.1.1.202309131626/tools/bin/../lib/gcc/arm-none-eabi/11.3.1/../../../../arm-none-eabi/lib/thumb/v7e-m+fp/hard\libc_nano.a(libc_a-nano-vfprintf_i.o)
                0x0000000008005358                . = ALIGN (0x4)
 *fill*         0x0000000008005357        0x1 

.ARM.extab      0x0000000008005358        0x0
                0x0000000008005358                . = ALIGN (0x4)
 *(.ARM.extab* .gnu.linkonce.armextab.*)
                0x0000000008005358                . = ALIGN (0x4)

.ARM            0x0000000008005358        0x8
                0x0000000008005358                . = ALIGN (0x4)
                0x0000000008005358                __exidx_start = .
 *(.ARM.exidx*)
 .ARM.exidx     0x0000000008005358        0x8 D:/WORK/CODING/STM32 CUBE IDE/STM32CubeIDE_1.13.2/STM32CubeIDE/plugins/com.st.stm32cube.ide.mcu.externaltools.gnu-tools-for-stm32.11.3.rel1.win32_1.1.1.202309131626/tools/bin/../lib/gcc/arm-none-eabi/11.3.1/thumb/v7e-m+fp/hard\libgcc.a(_udivmoddi4.o)
                0x0000000008005360                __exidx_end = .
                0x0000000008005360                . = ALIGN (0x4)

.rel.dyn        0x0000000008005360        0x0
 .rel.iplt      0x0000000008005360        0x0 D:/WORK/CODING/STM32 CUBE IDE/STM32CubeIDE_1.13.2/STM32CubeIDE/plugins/com.st.stm32cube.ide.mcu.externaltools.gnu-tools-for-stm32.11.3.rel1.win32_1.1.1.202309131626/tools/bin/../lib/gcc/arm-none-eabi/11.3.1/thumb/v7e-m+fp/hard/crtbegin.o

.preinit_array  0x0000000008005360        0x0
                0x0000000008005360                . = ALIGN (0x4)
                0x0000000008005360                PROVIDE (__preinit_array_start = .)
 *(.preinit_array*)
                0x0000000008005360                PROVIDE (__preinit_array_end = .)
                0x0000000008005360                . = ALIGN (0x4)

.init_array     0x0000000008005360        0x4
                0x0000000008005360                . = ALIGN (0x4)
                0x0000000008005360                PROVIDE (__init_array_start = .)
 *(SORT_BY_NAME(.init_array.*))
 *(.init_array*)
 .init_array    0x0000000008005360        0x4 D:/WORK/CODING/STM32 CUBE IDE/STM32CubeIDE_1.13.2/STM32CubeIDE/plugins/com.st.stm32cube.ide.mcu.externaltools.gnu-tools-for-stm32.11.3.rel1.win32_1.1.1.202309131626/tools/bin/../lib/gcc/arm-none-eabi/11.3.1/thumb/v7e-m+fp/hard/crtbegin.o
                0x0000000008005364                PROVIDE (__init_array_end = .)
                0x0000000008005364                . = ALIGN (0x4)

.fini_array     0x0000000008005364        0x4
                0x0000000008005364                . = ALIGN (0x4)
                [!provide]                        PROVIDE (__fini_array_start = .)
 *(SORT_BY_NAME(.fini_array.*))
 *(.fini_array*)
 .fini_array    0x0000000008005364        0x4 D:/WORK/CODING/STM32 CUBE IDE/STM32CubeIDE_1.13.2/STM32CubeIDE/plugins/com.st.stm32cube.ide.mcu.externaltools.gnu-tools-for-stm32.11.3.rel1.win32_1.1.1.202309131626/tools/bin/../lib/gcc/arm-none-eabi/11.3.1/thumb/v7e-m+fp/hard/crtbegin.o
                [!provide]                        PROVIDE (__fini_array_end = .)
                0x0000000008005368                . = ALIGN (0x4)
                0x0000000008005368                _sidata = LOADADDR (.data)

.data           0x0000000020000000       0x60 load address 0x0000000008005368
                0x0000000020000000                . = ALIGN (0x4)
                0x0000000020000000                _sdata = .
 *(.data)
 *(.data*)
 .data.game_left
                0x0000000020000000        0x4 ./Core/Src/main.o
                0x0000000020000000                game_left
 .data.SystemCoreClock
                0x0000000020000004        0x4 ./Core/Src/system_stm32g4xx.o
                0x0000000020000004                SystemCoreClock
 .data.uwTickPrio
                0x0000000020000008        0x4 ./Drivers/STM32G4xx_HAL_Driver/Src/stm32g4xx_hal.o
                0x0000000020000008                uwTickPrio
 .data.uwTickFreq
                0x000000002000000c        0x4 ./Drivers/STM32G4xx_HAL_Driver/Src/stm32g4xx_hal.o
                0x000000002000000c                uwTickFreq
 .data._impure_data
                0x0000000020000010       0x4c D:/WORK/CODING/STM32 CUBE IDE/STM32CubeIDE_1.13.2/STM32CubeIDE/plugins/com.st.stm32cube.ide.mcu.externaltools.gnu-tools-for-stm32.11.3.rel1.win32_1.1.1.202309131626/tools/bin/../lib/gcc/arm-none-eabi/11.3.1/../../../../arm-none-eabi/lib/thumb/v7e-m+fp/hard\libc_nano.a(libc_a-impure.o)
                0x0000000020000010                _impure_data
 .data._impure_ptr
                0x000000002000005c        0x4 D:/WORK/CODING/STM32 CUBE IDE/STM32CubeIDE_1.13.2/STM32CubeIDE/plugins/com.st.stm32cube.ide.mcu.externaltools.gnu-tools-for-stm32.11.3.rel1.win32_1.1.1.202309131626/tools/bin/../lib/gcc/arm-none-eabi/11.3.1/../../../../arm-none-eabi/lib/thumb/v7e-m+fp/hard\libc_nano.a(libc_a-impure.o)
                0x000000002000005c                _impure_ptr
 *(.RamFunc)
 *(.RamFunc*)
                0x0000000020000060                . = ALIGN (0x4)
                0x0000000020000060                _edata = .

.igot.plt       0x0000000020000060        0x0 load address 0x00000000080053c8
 .igot.plt      0x0000000020000060        0x0 D:/WORK/CODING/STM32 CUBE IDE/STM32CubeIDE_1.13.2/STM32CubeIDE/plugins/com.st.stm32cube.ide.mcu.externaltools.gnu-tools-for-stm32.11.3.rel1.win32_1.1.1.202309131626/tools/bin/../lib/gcc/arm-none-eabi/11.3.1/thumb/v7e-m+fp/hard/crtbegin.o
                0x0000000020000060                . = ALIGN (0x4)

.bss            0x0000000020000060      0x2d4 load address 0x00000000080053c8
                0x0000000020000060                _sbss = .
                0x0000000020000060                __bss_start__ = _sbss
 *(.bss)
 .bss           0x0000000020000060       0x1c D:/WORK/CODING/STM32 CUBE IDE/STM32CubeIDE_1.13.2/STM32CubeIDE/plugins/com.st.stm32cube.ide.mcu.externaltools.gnu-tools-for-stm32.11.3.rel1.win32_1.1.1.202309131626/tools/bin/../lib/gcc/arm-none-eabi/11.3.1/thumb/v7e-m+fp/hard/crtbegin.o
 *(.bss*)
 .bss.hlpuart1  0x000000002000007c       0x94 ./Core/Src/main.o
                0x000000002000007c                hlpuart1
 .bss.hspi3     0x0000000020000110       0x64 ./Core/Src/main.o
                0x0000000020000110                hspi3
 .bss.htim3     0x0000000020000174       0x4c ./Core/Src/main.o
                0x0000000020000174                htim3
 .bss.SPIRx     0x00000000200001c0        0xa ./Core/Src/main.o
                0x00000000200001c0                SPIRx
 *fill*         0x00000000200001ca        0x2 
 .bss.SPITx     0x00000000200001cc        0xa ./Core/Src/main.o
                0x00000000200001cc                SPITx
 *fill*         0x00000000200001d6        0x2 
 .bss.game_winner
                0x00000000200001d8        0x4 ./Core/Src/main.o
                0x00000000200001d8                game_winner
 .bss.game_turn
                0x00000000200001dc        0x4 ./Core/Src/main.o
                0x00000000200001dc                game_turn
 .bss.game_pick
                0x00000000200001e0        0x4 ./Core/Src/main.o
                0x00000000200001e0                game_pick
 .bss.__sbrk_heap_end
                0x00000000200001e4        0x4 ./Core/Src/sysmem.o
 .bss.uwTick    0x00000000200001e8        0x4 ./Drivers/STM32G4xx_HAL_Driver/Src/stm32g4xx_hal.o
                0x00000000200001e8                uwTick
 .bss.__sf      0x00000000200001ec      0x138 D:/WORK/CODING/STM32 CUBE IDE/STM32CubeIDE_1.13.2/STM32CubeIDE/plugins/com.st.stm32cube.ide.mcu.externaltools.gnu-tools-for-stm32.11.3.rel1.win32_1.1.1.202309131626/tools/bin/../lib/gcc/arm-none-eabi/11.3.1/../../../../arm-none-eabi/lib/thumb/v7e-m+fp/hard\libc_nano.a(libc_a-findfp.o)
                0x00000000200001ec                __sf
 .bss.errno     0x0000000020000324        0x4 D:/WORK/CODING/STM32 CUBE IDE/STM32CubeIDE_1.13.2/STM32CubeIDE/plugins/com.st.stm32cube.ide.mcu.externaltools.gnu-tools-for-stm32.11.3.rel1.win32_1.1.1.202309131626/tools/bin/../lib/gcc/arm-none-eabi/11.3.1/../../../../arm-none-eabi/lib/thumb/v7e-m+fp/hard\libc_nano.a(libc_a-reent.o)
                0x0000000020000324                errno
 .bss.__lock___malloc_recursive_mutex
                0x0000000020000328        0x1 D:/WORK/CODING/STM32 CUBE IDE/STM32CubeIDE_1.13.2/STM32CubeIDE/plugins/com.st.stm32cube.ide.mcu.externaltools.gnu-tools-for-stm32.11.3.rel1.win32_1.1.1.202309131626/tools/bin/../lib/gcc/arm-none-eabi/11.3.1/../../../../arm-none-eabi/lib/thumb/v7e-m+fp/hard\libc_nano.a(libc_a-lock.o)
                0x0000000020000328                __lock___malloc_recursive_mutex
 *fill*         0x0000000020000329        0x3 
 .bss.__malloc_free_list
                0x000000002000032c        0x4 D:/WORK/CODING/STM32 CUBE IDE/STM32CubeIDE_1.13.2/STM32CubeIDE/plugins/com.st.stm32cube.ide.mcu.externaltools.gnu-tools-for-stm32.11.3.rel1.win32_1.1.1.202309131626/tools/bin/../lib/gcc/arm-none-eabi/11.3.1/../../../../arm-none-eabi/lib/thumb/v7e-m+fp/hard\libc_nano.a(libc_a-mallocr.o)
                0x000000002000032c                __malloc_free_list
 .bss.__malloc_sbrk_start
                0x0000000020000330        0x4 D:/WORK/CODING/STM32 CUBE IDE/STM32CubeIDE_1.13.2/STM32CubeIDE/plugins/com.st.stm32cube.ide.mcu.externaltools.gnu-tools-for-stm32.11.3.rel1.win32_1.1.1.202309131626/tools/bin/../lib/gcc/arm-none-eabi/11.3.1/../../../../arm-none-eabi/lib/thumb/v7e-m+fp/hard\libc_nano.a(libc_a-mallocr.o)
                0x0000000020000330                __malloc_sbrk_start
 *(COMMON)
                0x0000000020000334                . = ALIGN (0x4)
                0x0000000020000334                _ebss = .
                0x0000000020000334                __bss_end__ = _ebss

._user_heap_stack
                0x0000000020000334      0x604 load address 0x00000000080053c8
                0x0000000020000338                . = ALIGN (0x8)
 *fill*         0x0000000020000334        0x4 
                [!provide]                        PROVIDE (end = .)
                0x0000000020000338                PROVIDE (_end = .)
                0x0000000020000538                . = (. + _Min_Heap_Size)
 *fill*         0x0000000020000338      0x200 
                0x0000000020000938                . = (. + _Min_Stack_Size)
 *fill*         0x0000000020000538      0x400 
                0x0000000020000938                . = ALIGN (0x8)

/DISCARD/
 libc.a(*)
 libm.a(*)
 libgcc.a(*)

.ARM.attributes
                0x0000000000000000       0x30
 *(.ARM.attributes)
 .ARM.attributes
                0x0000000000000000       0x1e D:/WORK/CODING/STM32 CUBE IDE/STM32CubeIDE_1.13.2/STM32CubeIDE/plugins/com.st.stm32cube.ide.mcu.externaltools.gnu-tools-for-stm32.11.3.rel1.win32_1.1.1.202309131626/tools/bin/../lib/gcc/arm-none-eabi/11.3.1/thumb/v7e-m+fp/hard/crti.o
 .ARM.attributes
                0x000000000000001e       0x34 D:/WORK/CODING/STM32 CUBE IDE/STM32CubeIDE_1.13.2/STM32CubeIDE/plugins/com.st.stm32cube.ide.mcu.externaltools.gnu-tools-for-stm32.11.3.rel1.win32_1.1.1.202309131626/tools/bin/../lib/gcc/arm-none-eabi/11.3.1/thumb/v7e-m+fp/hard/crtbegin.o
 .ARM.attributes
                0x0000000000000052       0x34 ./Core/Src/main.o
 .ARM.attributes
                0x0000000000000086       0x34 ./Core/Src/stm32g4xx_hal_msp.o
 .ARM.attributes
                0x00000000000000ba       0x34 ./Core/Src/stm32g4xx_it.o
 .ARM.attributes
                0x00000000000000ee       0x34 ./Core/Src/sysmem.o
 .ARM.attributes
                0x0000000000000122       0x34 ./Core/Src/system_stm32g4xx.o
 .ARM.attributes
                0x0000000000000156       0x21 ./Core/Startup/startup_stm32g474retx.o
 .ARM.attributes
                0x0000000000000177       0x34 ./Drivers/STM32G4xx_HAL_Driver/Src/stm32g4xx_hal.o
 .ARM.attributes
                0x00000000000001ab       0x34 ./Drivers/STM32G4xx_HAL_Driver/Src/stm32g4xx_hal_cortex.o
 .ARM.attributes
                0x00000000000001df       0x34 ./Drivers/STM32G4xx_HAL_Driver/Src/stm32g4xx_hal_dma.o
 .ARM.attributes
                0x0000000000000213       0x34 ./Drivers/STM32G4xx_HAL_Driver/Src/stm32g4xx_hal_gpio.o
 .ARM.attributes
                0x0000000000000247       0x34 ./Drivers/STM32G4xx_HAL_Driver/Src/stm32g4xx_hal_pwr_ex.o
 .ARM.attributes
                0x000000000000027b       0x34 ./Drivers/STM32G4xx_HAL_Driver/Src/stm32g4xx_hal_rcc.o
 .ARM.attributes
                0x00000000000002af       0x34 ./Drivers/STM32G4xx_HAL_Driver/Src/stm32g4xx_hal_rcc_ex.o
 .ARM.attributes
                0x00000000000002e3       0x34 ./Drivers/STM32G4xx_HAL_Driver/Src/stm32g4xx_hal_spi.o
 .ARM.attributes
                0x0000000000000317       0x34 ./Drivers/STM32G4xx_HAL_Driver/Src/stm32g4xx_hal_tim.o
 .ARM.attributes
                0x000000000000034b       0x34 ./Drivers/STM32G4xx_HAL_Driver/Src/stm32g4xx_hal_tim_ex.o
 .ARM.attributes
                0x000000000000037f       0x34 ./Drivers/STM32G4xx_HAL_Driver/Src/stm32g4xx_hal_uart.o
 .ARM.attributes
                0x00000000000003b3       0x34 ./Drivers/STM32G4xx_HAL_Driver/Src/stm32g4xx_hal_uart_ex.o
 .ARM.attributes
                0x00000000000003e7       0x34 D:/WORK/CODING/STM32 CUBE IDE/STM32CubeIDE_1.13.2/STM32CubeIDE/plugins/com.st.stm32cube.ide.mcu.externaltools.gnu-tools-for-stm32.11.3.rel1.win32_1.1.1.202309131626/tools/bin/../lib/gcc/arm-none-eabi/11.3.1/../../../../arm-none-eabi/lib/thumb/v7e-m+fp/hard\libc_nano.a(libc_a-findfp.o)
 .ARM.attributes
                0x000000000000041b       0x34 D:/WORK/CODING/STM32 CUBE IDE/STM32CubeIDE_1.13.2/STM32CubeIDE/plugins/com.st.stm32cube.ide.mcu.externaltools.gnu-tools-for-stm32.11.3.rel1.win32_1.1.1.202309131626/tools/bin/../lib/gcc/arm-none-eabi/11.3.1/../../../../arm-none-eabi/lib/thumb/v7e-m+fp/hard\libc_nano.a(libc_a-sprintf.o)
 .ARM.attributes
                0x000000000000044f       0x34 D:/WORK/CODING/STM32 CUBE IDE/STM32CubeIDE_1.13.2/STM32CubeIDE/plugins/com.st.stm32cube.ide.mcu.externaltools.gnu-tools-for-stm32.11.3.rel1.win32_1.1.1.202309131626/tools/bin/../lib/gcc/arm-none-eabi/11.3.1/../../../../arm-none-eabi/lib/thumb/v7e-m+fp/hard\libc_nano.a(libc_a-memset.o)
 .ARM.attributes
                0x0000000000000483       0x34 D:/WORK/CODING/STM32 CUBE IDE/STM32CubeIDE_1.13.2/STM32CubeIDE/plugins/com.st.stm32cube.ide.mcu.externaltools.gnu-tools-for-stm32.11.3.rel1.win32_1.1.1.202309131626/tools/bin/../lib/gcc/arm-none-eabi/11.3.1/../../../../arm-none-eabi/lib/thumb/v7e-m+fp/hard\libc_nano.a(libc_a-reent.o)
 .ARM.attributes
                0x00000000000004b7       0x34 D:/WORK/CODING/STM32 CUBE IDE/STM32CubeIDE_1.13.2/STM32CubeIDE/plugins/com.st.stm32cube.ide.mcu.externaltools.gnu-tools-for-stm32.11.3.rel1.win32_1.1.1.202309131626/tools/bin/../lib/gcc/arm-none-eabi/11.3.1/../../../../arm-none-eabi/lib/thumb/v7e-m+fp/hard\libc_nano.a(libc_a-impure.o)
 .ARM.attributes
                0x00000000000004eb       0x34 D:/WORK/CODING/STM32 CUBE IDE/STM32CubeIDE_1.13.2/STM32CubeIDE/plugins/com.st.stm32cube.ide.mcu.externaltools.gnu-tools-for-stm32.11.3.rel1.win32_1.1.1.202309131626/tools/bin/../lib/gcc/arm-none-eabi/11.3.1/../../../../arm-none-eabi/lib/thumb/v7e-m+fp/hard\libc_nano.a(libc_a-errno.o)
 .ARM.attributes
                0x000000000000051f       0x34 D:/WORK/CODING/STM32 CUBE IDE/STM32CubeIDE_1.13.2/STM32CubeIDE/plugins/com.st.stm32cube.ide.mcu.externaltools.gnu-tools-for-stm32.11.3.rel1.win32_1.1.1.202309131626/tools/bin/../lib/gcc/arm-none-eabi/11.3.1/../../../../arm-none-eabi/lib/thumb/v7e-m+fp/hard\libc_nano.a(libc_a-init.o)
 .ARM.attributes
                0x0000000000000553       0x34 D:/WORK/CODING/STM32 CUBE IDE/STM32CubeIDE_1.13.2/STM32CubeIDE/plugins/com.st.stm32cube.ide.mcu.externaltools.gnu-tools-for-stm32.11.3.rel1.win32_1.1.1.202309131626/tools/bin/../lib/gcc/arm-none-eabi/11.3.1/../../../../arm-none-eabi/lib/thumb/v7e-m+fp/hard\libc_nano.a(libc_a-lock.o)
 .ARM.attributes
                0x0000000000000587       0x17 D:/WORK/CODING/STM32 CUBE IDE/STM32CubeIDE_1.13.2/STM32CubeIDE/plugins/com.st.stm32cube.ide.mcu.externaltools.gnu-tools-for-stm32.11.3.rel1.win32_1.1.1.202309131626/tools/bin/../lib/gcc/arm-none-eabi/11.3.1/../../../../arm-none-eabi/lib/thumb/v7e-m+fp/hard\libc_nano.a(libc_a-strlen.o)
 .ARM.attributes
                0x000000000000059e       0x34 D:/WORK/CODING/STM32 CUBE IDE/STM32CubeIDE_1.13.2/STM32CubeIDE/plugins/com.st.stm32cube.ide.mcu.externaltools.gnu-tools-for-stm32.11.3.rel1.win32_1.1.1.202309131626/tools/bin/../lib/gcc/arm-none-eabi/11.3.1/../../../../arm-none-eabi/lib/thumb/v7e-m+fp/hard\libc_nano.a(libc_a-freer.o)
 .ARM.attributes
                0x00000000000005d2       0x34 D:/WORK/CODING/STM32 CUBE IDE/STM32CubeIDE_1.13.2/STM32CubeIDE/plugins/com.st.stm32cube.ide.mcu.externaltools.gnu-tools-for-stm32.11.3.rel1.win32_1.1.1.202309131626/tools/bin/../lib/gcc/arm-none-eabi/11.3.1/../../../../arm-none-eabi/lib/thumb/v7e-m+fp/hard\libc_nano.a(libc_a-mallocr.o)
 .ARM.attributes
                0x0000000000000606       0x34 D:/WORK/CODING/STM32 CUBE IDE/STM32CubeIDE_1.13.2/STM32CubeIDE/plugins/com.st.stm32cube.ide.mcu.externaltools.gnu-tools-for-stm32.11.3.rel1.win32_1.1.1.202309131626/tools/bin/../lib/gcc/arm-none-eabi/11.3.1/../../../../arm-none-eabi/lib/thumb/v7e-m+fp/hard\libc_nano.a(libc_a-mlock.o)
 .ARM.attributes
                0x000000000000063a       0x34 D:/WORK/CODING/STM32 CUBE IDE/STM32CubeIDE_1.13.2/STM32CubeIDE/plugins/com.st.stm32cube.ide.mcu.externaltools.gnu-tools-for-stm32.11.3.rel1.win32_1.1.1.202309131626/tools/bin/../lib/gcc/arm-none-eabi/11.3.1/../../../../arm-none-eabi/lib/thumb/v7e-m+fp/hard\libc_nano.a(libc_a-nano-svfprintf.o)
 .ARM.attributes
                0x000000000000066e       0x34 D:/WORK/CODING/STM32 CUBE IDE/STM32CubeIDE_1.13.2/STM32CubeIDE/plugins/com.st.stm32cube.ide.mcu.externaltools.gnu-tools-for-stm32.11.3.rel1.win32_1.1.1.202309131626/tools/bin/../lib/gcc/arm-none-eabi/11.3.1/../../../../arm-none-eabi/lib/thumb/v7e-m+fp/hard\libc_nano.a(libc_a-nano-vfprintf_i.o)
 .ARM.attributes
                0x00000000000006a2       0x34 D:/WORK/CODING/STM32 CUBE IDE/STM32CubeIDE_1.13.2/STM32CubeIDE/plugins/com.st.stm32cube.ide.mcu.externaltools.gnu-tools-for-stm32.11.3.rel1.win32_1.1.1.202309131626/tools/bin/../lib/gcc/arm-none-eabi/11.3.1/../../../../arm-none-eabi/lib/thumb/v7e-m+fp/hard\libc_nano.a(libc_a-memmove.o)
 .ARM.attributes
                0x00000000000006d6       0x34 D:/WORK/CODING/STM32 CUBE IDE/STM32CubeIDE_1.13.2/STM32CubeIDE/plugins/com.st.stm32cube.ide.mcu.externaltools.gnu-tools-for-stm32.11.3.rel1.win32_1.1.1.202309131626/tools/bin/../lib/gcc/arm-none-eabi/11.3.1/../../../../arm-none-eabi/lib/thumb/v7e-m+fp/hard\libc_nano.a(libc_a-sbrkr.o)
 .ARM.attributes
                0x000000000000070a       0x1c D:/WORK/CODING/STM32 CUBE IDE/STM32CubeIDE_1.13.2/STM32CubeIDE/plugins/com.st.stm32cube.ide.mcu.externaltools.gnu-tools-for-stm32.11.3.rel1.win32_1.1.1.202309131626/tools/bin/../lib/gcc/arm-none-eabi/11.3.1/../../../../arm-none-eabi/lib/thumb/v7e-m+fp/hard\libc_nano.a(libc_a-memchr.o)
 .ARM.attributes
                0x0000000000000726       0x34 D:/WORK/CODING/STM32 CUBE IDE/STM32CubeIDE_1.13.2/STM32CubeIDE/plugins/com.st.stm32cube.ide.mcu.externaltools.gnu-tools-for-stm32.11.3.rel1.win32_1.1.1.202309131626/tools/bin/../lib/gcc/arm-none-eabi/11.3.1/../../../../arm-none-eabi/lib/thumb/v7e-m+fp/hard\libc_nano.a(libc_a-memcpy-stub.o)
 .ARM.attributes
                0x000000000000075a       0x34 D:/WORK/CODING/STM32 CUBE IDE/STM32CubeIDE_1.13.2/STM32CubeIDE/plugins/com.st.stm32cube.ide.mcu.externaltools.gnu-tools-for-stm32.11.3.rel1.win32_1.1.1.202309131626/tools/bin/../lib/gcc/arm-none-eabi/11.3.1/../../../../arm-none-eabi/lib/thumb/v7e-m+fp/hard\libc_nano.a(libc_a-reallocr.o)
 .ARM.attributes
                0x000000000000078e       0x34 D:/WORK/CODING/STM32 CUBE IDE/STM32CubeIDE_1.13.2/STM32CubeIDE/plugins/com.st.stm32cube.ide.mcu.externaltools.gnu-tools-for-stm32.11.3.rel1.win32_1.1.1.202309131626/tools/bin/../lib/gcc/arm-none-eabi/11.3.1/../../../../arm-none-eabi/lib/thumb/v7e-m+fp/hard\libc_nano.a(libc_a-msizer.o)
 .ARM.attributes
                0x00000000000007c2       0x1e D:/WORK/CODING/STM32 CUBE IDE/STM32CubeIDE_1.13.2/STM32CubeIDE/plugins/com.st.stm32cube.ide.mcu.externaltools.gnu-tools-for-stm32.11.3.rel1.win32_1.1.1.202309131626/tools/bin/../lib/gcc/arm-none-eabi/11.3.1/thumb/v7e-m+fp/hard\libgcc.a(_aeabi_uldivmod.o)
 .ARM.attributes
                0x00000000000007e0       0x34 D:/WORK/CODING/STM32 CUBE IDE/STM32CubeIDE_1.13.2/STM32CubeIDE/plugins/com.st.stm32cube.ide.mcu.externaltools.gnu-tools-for-stm32.11.3.rel1.win32_1.1.1.202309131626/tools/bin/../lib/gcc/arm-none-eabi/11.3.1/thumb/v7e-m+fp/hard\libgcc.a(_udivmoddi4.o)
 .ARM.attributes
                0x0000000000000814       0x1e D:/WORK/CODING/STM32 CUBE IDE/STM32CubeIDE_1.13.2/STM32CubeIDE/plugins/com.st.stm32cube.ide.mcu.externaltools.gnu-tools-for-stm32.11.3.rel1.win32_1.1.1.202309131626/tools/bin/../lib/gcc/arm-none-eabi/11.3.1/thumb/v7e-m+fp/hard\libgcc.a(_dvmd_tls.o)
 .ARM.attributes
                0x0000000000000832       0x1e D:/WORK/CODING/STM32 CUBE IDE/STM32CubeIDE_1.13.2/STM32CubeIDE/plugins/com.st.stm32cube.ide.mcu.externaltools.gnu-tools-for-stm32.11.3.rel1.win32_1.1.1.202309131626/tools/bin/../lib/gcc/arm-none-eabi/11.3.1/thumb/v7e-m+fp/hard/crtn.o
OUTPUT(LAB3_Game.elf elf32-littlearm)
LOAD linker stubs
LOAD D:/WORK/CODING/STM32 CUBE IDE/STM32CubeIDE_1.13.2/STM32CubeIDE/plugins/com.st.stm32cube.ide.mcu.externaltools.gnu-tools-for-stm32.11.3.rel1.win32_1.1.1.202309131626/tools/bin/../lib/gcc/arm-none-eabi/11.3.1/../../../../arm-none-eabi/lib/thumb/v7e-m+fp/hard\libc.a
LOAD D:/WORK/CODING/STM32 CUBE IDE/STM32CubeIDE_1.13.2/STM32CubeIDE/plugins/com.st.stm32cube.ide.mcu.externaltools.gnu-tools-for-stm32.11.3.rel1.win32_1.1.1.202309131626/tools/bin/../lib/gcc/arm-none-eabi/11.3.1/../../../../arm-none-eabi/lib/thumb/v7e-m+fp/hard\libm.a
LOAD D:/WORK/CODING/STM32 CUBE IDE/STM32CubeIDE_1.13.2/STM32CubeIDE/plugins/com.st.stm32cube.ide.mcu.externaltools.gnu-tools-for-stm32.11.3.rel1.win32_1.1.1.202309131626/tools/bin/../lib/gcc/arm-none-eabi/11.3.1/thumb/v7e-m+fp/hard\libgcc.a

.comment        0x0000000000000000       0x43
 .comment       0x0000000000000000       0x43 D:/WORK/CODING/STM32 CUBE IDE/STM32CubeIDE_1.13.2/STM32CubeIDE/plugins/com.st.stm32cube.ide.mcu.externaltools.gnu-tools-for-stm32.11.3.rel1.win32_1.1.1.202309131626/tools/bin/../lib/gcc/arm-none-eabi/11.3.1/thumb/v7e-m+fp/hard/crtbegin.o
                                         0x44 (size before relaxing)
 .comment       0x0000000000000043       0x44 ./Core/Src/main.o
 .comment       0x0000000000000043       0x44 ./Core/Src/stm32g4xx_hal_msp.o
 .comment       0x0000000000000043       0x44 ./Core/Src/stm32g4xx_it.o
 .comment       0x0000000000000043       0x44 ./Core/Src/sysmem.o
 .comment       0x0000000000000043       0x44 ./Core/Src/system_stm32g4xx.o
 .comment       0x0000000000000043       0x44 ./Drivers/STM32G4xx_HAL_Driver/Src/stm32g4xx_hal.o
 .comment       0x0000000000000043       0x44 ./Drivers/STM32G4xx_HAL_Driver/Src/stm32g4xx_hal_cortex.o
 .comment       0x0000000000000043       0x44 ./Drivers/STM32G4xx_HAL_Driver/Src/stm32g4xx_hal_dma.o
 .comment       0x0000000000000043       0x44 ./Drivers/STM32G4xx_HAL_Driver/Src/stm32g4xx_hal_gpio.o
 .comment       0x0000000000000043       0x44 ./Drivers/STM32G4xx_HAL_Driver/Src/stm32g4xx_hal_pwr_ex.o
 .comment       0x0000000000000043       0x44 ./Drivers/STM32G4xx_HAL_Driver/Src/stm32g4xx_hal_rcc.o
 .comment       0x0000000000000043       0x44 ./Drivers/STM32G4xx_HAL_Driver/Src/stm32g4xx_hal_rcc_ex.o
 .comment       0x0000000000000043       0x44 ./Drivers/STM32G4xx_HAL_Driver/Src/stm32g4xx_hal_spi.o
 .comment       0x0000000000000043       0x44 ./Drivers/STM32G4xx_HAL_Driver/Src/stm32g4xx_hal_tim.o
 .comment       0x0000000000000043       0x44 ./Drivers/STM32G4xx_HAL_Driver/Src/stm32g4xx_hal_tim_ex.o
 .comment       0x0000000000000043       0x44 ./Drivers/STM32G4xx_HAL_Driver/Src/stm32g4xx_hal_uart.o
 .comment       0x0000000000000043       0x44 ./Drivers/STM32G4xx_HAL_Driver/Src/stm32g4xx_hal_uart_ex.o

.debug_info     0x0000000000000000    0x1460c
 .debug_info    0x0000000000000000     0x1c0b ./Core/Src/main.o
 .debug_info    0x0000000000001c0b     0x17d6 ./Core/Src/stm32g4xx_hal_msp.o
 .debug_info    0x00000000000033e1      0x780 ./Core/Src/stm32g4xx_it.o
 .debug_info    0x0000000000003b61      0x168 ./Core/Src/sysmem.o
 .debug_info    0x0000000000003cc9      0x58e ./Core/Src/system_stm32g4xx.o
 .debug_info    0x0000000000004257       0x23 ./Core/Startup/startup_stm32g474retx.o
 .debug_info    0x000000000000427a      0xb95 ./Drivers/STM32G4xx_HAL_Driver/Src/stm32g4xx_hal.o
 .debug_info    0x0000000000004e0f      0xdad ./Drivers/STM32G4xx_HAL_Driver/Src/stm32g4xx_hal_cortex.o
 .debug_info    0x0000000000005bbc      0x85f ./Drivers/STM32G4xx_HAL_Driver/Src/stm32g4xx_hal_dma.o
 .debug_info    0x000000000000641b      0x763 ./Drivers/STM32G4xx_HAL_Driver/Src/stm32g4xx_hal_gpio.o
 .debug_info    0x0000000000006b7e      0x93f ./Drivers/STM32G4xx_HAL_Driver/Src/stm32g4xx_hal_pwr_ex.o
 .debug_info    0x00000000000074bd      0xbe0 ./Drivers/STM32G4xx_HAL_Driver/Src/stm32g4xx_hal_rcc.o
 .debug_info    0x000000000000809d      0xc45 ./Drivers/STM32G4xx_HAL_Driver/Src/stm32g4xx_hal_rcc_ex.o
 .debug_info    0x0000000000008ce2     0x1748 ./Drivers/STM32G4xx_HAL_Driver/Src/stm32g4xx_hal_spi.o
 .debug_info    0x000000000000a42a     0x2c52 ./Drivers/STM32G4xx_HAL_Driver/Src/stm32g4xx_hal_tim.o
 .debug_info    0x000000000000d07c     0x1d95 ./Drivers/STM32G4xx_HAL_Driver/Src/stm32g4xx_hal_tim_ex.o
 .debug_info    0x000000000000ee11     0x481e ./Drivers/STM32G4xx_HAL_Driver/Src/stm32g4xx_hal_uart.o
 .debug_info    0x000000000001362f      0xfdd ./Drivers/STM32G4xx_HAL_Driver/Src/stm32g4xx_hal_uart_ex.o

.debug_abbrev   0x0000000000000000     0x275e
 .debug_abbrev  0x0000000000000000      0x350 ./Core/Src/main.o
 .debug_abbrev  0x0000000000000350      0x279 ./Core/Src/stm32g4xx_hal_msp.o
 .debug_abbrev  0x00000000000005c9      0x17d ./Core/Src/stm32g4xx_it.o
 .debug_abbrev  0x0000000000000746       0xbc ./Core/Src/sysmem.o
 .debug_abbrev  0x0000000000000802      0x11a ./Core/Src/system_stm32g4xx.o
 .debug_abbrev  0x000000000000091c       0x12 ./Core/Startup/startup_stm32g474retx.o
 .debug_abbrev  0x000000000000092e      0x271 ./Drivers/STM32G4xx_HAL_Driver/Src/stm32g4xx_hal.o
 .debug_abbrev  0x0000000000000b9f      0x31c ./Drivers/STM32G4xx_HAL_Driver/Src/stm32g4xx_hal_cortex.o
 .debug_abbrev  0x0000000000000ebb      0x1e2 ./Drivers/STM32G4xx_HAL_Driver/Src/stm32g4xx_hal_dma.o
 .debug_abbrev  0x000000000000109d      0x1cb ./Drivers/STM32G4xx_HAL_Driver/Src/stm32g4xx_hal_gpio.o
 .debug_abbrev  0x0000000000001268      0x22c ./Drivers/STM32G4xx_HAL_Driver/Src/stm32g4xx_hal_pwr_ex.o
 .debug_abbrev  0x0000000000001494      0x2c9 ./Drivers/STM32G4xx_HAL_Driver/Src/stm32g4xx_hal_rcc.o
 .debug_abbrev  0x000000000000175d      0x258 ./Drivers/STM32G4xx_HAL_Driver/Src/stm32g4xx_hal_rcc_ex.o
 .debug_abbrev  0x00000000000019b5      0x267 ./Drivers/STM32G4xx_HAL_Driver/Src/stm32g4xx_hal_spi.o
 .debug_abbrev  0x0000000000001c1c      0x2a7 ./Drivers/STM32G4xx_HAL_Driver/Src/stm32g4xx_hal_tim.o
 .debug_abbrev  0x0000000000001ec3      0x2c5 ./Drivers/STM32G4xx_HAL_Driver/Src/stm32g4xx_hal_tim_ex.o
 .debug_abbrev  0x0000000000002188      0x304 ./Drivers/STM32G4xx_HAL_Driver/Src/stm32g4xx_hal_uart.o
 .debug_abbrev  0x000000000000248c      0x2d2 ./Drivers/STM32G4xx_HAL_Driver/Src/stm32g4xx_hal_uart_ex.o

.debug_aranges  0x0000000000000000     0x1270
 .debug_aranges
                0x0000000000000000       0x88 ./Core/Src/main.o
 .debug_aranges
                0x0000000000000088       0x50 ./Core/Src/stm32g4xx_hal_msp.o
 .debug_aranges
                0x00000000000000d8       0x70 ./Core/Src/stm32g4xx_it.o
 .debug_aranges
                0x0000000000000148       0x20 ./Core/Src/sysmem.o
 .debug_aranges
                0x0000000000000168       0x28 ./Core/Src/system_stm32g4xx.o
 .debug_aranges
                0x0000000000000190       0x28 ./Core/Startup/startup_stm32g474retx.o
 .debug_aranges
                0x00000000000001b8      0x148 ./Drivers/STM32G4xx_HAL_Driver/Src/stm32g4xx_hal.o
 .debug_aranges
                0x0000000000000300      0x118 ./Drivers/STM32G4xx_HAL_Driver/Src/stm32g4xx_hal_cortex.o
 .debug_aranges
                0x0000000000000418       0x90 ./Drivers/STM32G4xx_HAL_Driver/Src/stm32g4xx_hal_dma.o
 .debug_aranges
                0x00000000000004a8       0x58 ./Drivers/STM32G4xx_HAL_Driver/Src/stm32g4xx_hal_gpio.o
 .debug_aranges
                0x0000000000000500      0x140 ./Drivers/STM32G4xx_HAL_Driver/Src/stm32g4xx_hal_pwr_ex.o
 .debug_aranges
                0x0000000000000640       0x98 ./Drivers/STM32G4xx_HAL_Driver/Src/stm32g4xx_hal_rcc.o
 .debug_aranges
                0x00000000000006d8       0xb0 ./Drivers/STM32G4xx_HAL_Driver/Src/stm32g4xx_hal_rcc_ex.o
 .debug_aranges
                0x0000000000000788      0x1d8 ./Drivers/STM32G4xx_HAL_Driver/Src/stm32g4xx_hal_spi.o
 .debug_aranges
                0x0000000000000960      0x3e0 ./Drivers/STM32G4xx_HAL_Driver/Src/stm32g4xx_hal_tim.o
 .debug_aranges
                0x0000000000000d40      0x240 ./Drivers/STM32G4xx_HAL_Driver/Src/stm32g4xx_hal_tim_ex.o
 .debug_aranges
                0x0000000000000f80      0x248 ./Drivers/STM32G4xx_HAL_Driver/Src/stm32g4xx_hal_uart.o
 .debug_aranges
                0x00000000000011c8       0xa8 ./Drivers/STM32G4xx_HAL_Driver/Src/stm32g4xx_hal_uart_ex.o

.debug_rnglists
                0x0000000000000000      0xe75
 .debug_rnglists
                0x0000000000000000       0x67 ./Core/Src/main.o
 .debug_rnglists
                0x0000000000000067       0x39 ./Core/Src/stm32g4xx_hal_msp.o
 .debug_rnglists
                0x00000000000000a0       0x4f ./Core/Src/stm32g4xx_it.o
 .debug_rnglists
                0x00000000000000ef       0x13 ./Core/Src/sysmem.o
 .debug_rnglists
                0x0000000000000102       0x1a ./Core/Src/system_stm32g4xx.o
 .debug_rnglists
                0x000000000000011c       0x19 ./Core/Startup/startup_stm32g474retx.o
 .debug_rnglists
                0x0000000000000135       0xf1 ./Drivers/STM32G4xx_HAL_Driver/Src/stm32g4xx_hal.o
 .debug_rnglists
                0x0000000000000226       0xce ./Drivers/STM32G4xx_HAL_Driver/Src/stm32g4xx_hal_cortex.o
 .debug_rnglists
                0x00000000000002f4       0x71 ./Drivers/STM32G4xx_HAL_Driver/Src/stm32g4xx_hal_dma.o
 .debug_rnglists
                0x0000000000000365       0x3f ./Drivers/STM32G4xx_HAL_Driver/Src/stm32g4xx_hal_gpio.o
 .debug_rnglists
                0x00000000000003a4       0xf1 ./Drivers/STM32G4xx_HAL_Driver/Src/stm32g4xx_hal_pwr_ex.o
 .debug_rnglists
                0x0000000000000495       0x74 ./Drivers/STM32G4xx_HAL_Driver/Src/stm32g4xx_hal_rcc.o
 .debug_rnglists
                0x0000000000000509       0x87 ./Drivers/STM32G4xx_HAL_Driver/Src/stm32g4xx_hal_rcc_ex.o
 .debug_rnglists
                0x0000000000000590      0x178 ./Drivers/STM32G4xx_HAL_Driver/Src/stm32g4xx_hal_spi.o
 .debug_rnglists
                0x0000000000000708      0x328 ./Drivers/STM32G4xx_HAL_Driver/Src/stm32g4xx_hal_tim.o
 .debug_rnglists
                0x0000000000000a30      0x1cc ./Drivers/STM32G4xx_HAL_Driver/Src/stm32g4xx_hal_tim_ex.o
 .debug_rnglists
                0x0000000000000bfc      0x1fa ./Drivers/STM32G4xx_HAL_Driver/Src/stm32g4xx_hal_uart.o
 .debug_rnglists
                0x0000000000000df6       0x7f ./Drivers/STM32G4xx_HAL_Driver/Src/stm32g4xx_hal_uart_ex.o

.debug_macro    0x0000000000000000    0x26c3d
 .debug_macro   0x0000000000000000      0x2fa ./Core/Src/main.o
 .debug_macro   0x00000000000002fa      0xaa8 ./Core/Src/main.o
 .debug_macro   0x0000000000000da2      0x161 ./Core/Src/main.o
 .debug_macro   0x0000000000000f03       0x2e ./Core/Src/main.o
 .debug_macro   0x0000000000000f31       0x28 ./Core/Src/main.o
 .debug_macro   0x0000000000000f59       0x22 ./Core/Src/main.o
 .debug_macro   0x0000000000000f7b       0x8e ./Core/Src/main.o
 .debug_macro   0x0000000000001009       0x51 ./Core/Src/main.o
 .debug_macro   0x000000000000105a      0x103 ./Core/Src/main.o
 .debug_macro   0x000000000000115d       0x6a ./Core/Src/main.o
 .debug_macro   0x00000000000011c7      0x1df ./Core/Src/main.o
 .debug_macro   0x00000000000013a6       0x1c ./Core/Src/main.o
 .debug_macro   0x00000000000013c2       0x22 ./Core/Src/main.o
 .debug_macro   0x00000000000013e4       0xfb ./Core/Src/main.o
 .debug_macro   0x00000000000014df     0x1011 ./Core/Src/main.o
 .debug_macro   0x00000000000024f0      0x11f ./Core/Src/main.o
 .debug_macro   0x000000000000260f    0x18b45 ./Core/Src/main.o
 .debug_macro   0x000000000001b154       0x6d ./Core/Src/main.o
 .debug_macro   0x000000000001b1c1     0x354d ./Core/Src/main.o
 .debug_macro   0x000000000001e70e      0x174 ./Core/Src/main.o
 .debug_macro   0x000000000001e882       0x5c ./Core/Src/main.o
 .debug_macro   0x000000000001e8de     0x171f ./Core/Src/main.o
 .debug_macro   0x000000000001fffd      0x600 ./Core/Src/main.o
 .debug_macro   0x00000000000205fd      0x1b6 ./Core/Src/main.o
 .debug_macro   0x00000000000207b3      0x34a ./Core/Src/main.o
 .debug_macro   0x0000000000020afd      0x53c ./Core/Src/main.o
 .debug_macro   0x0000000000021039      0x18b ./Core/Src/main.o
 .debug_macro   0x00000000000211c4       0x43 ./Core/Src/main.o
 .debug_macro   0x0000000000021207      0x23d ./Core/Src/main.o
 .debug_macro   0x0000000000021444      0x211 ./Core/Src/main.o
 .debug_macro   0x0000000000021655      0x45c ./Core/Src/main.o
 .debug_macro   0x0000000000021ab1      0x11c ./Core/Src/main.o
 .debug_macro   0x0000000000021bcd      0x122 ./Core/Src/main.o
 .debug_macro   0x0000000000021cef      0x3d1 ./Core/Src/main.o
 .debug_macro   0x00000000000220c0      0x2fe ./Core/Src/main.o
 .debug_macro   0x00000000000223be      0xc0b ./Core/Src/main.o
 .debug_macro   0x0000000000022fc9      0x718 ./Core/Src/main.o
 .debug_macro   0x00000000000236e1      0x693 ./Core/Src/main.o
 .debug_macro   0x0000000000023d74       0xa6 ./Core/Src/main.o
 .debug_macro   0x0000000000023e1a      0x358 ./Core/Src/main.o
 .debug_macro   0x0000000000024172       0x5e ./Core/Src/main.o
 .debug_macro   0x00000000000241d0       0x61 ./Core/Src/main.o
 .debug_macro   0x0000000000024231       0x2a ./Core/Src/main.o
 .debug_macro   0x000000000002425b       0x43 ./Core/Src/main.o
 .debug_macro   0x000000000002429e       0x34 ./Core/Src/main.o
 .debug_macro   0x00000000000242d2       0x16 ./Core/Src/main.o
 .debug_macro   0x00000000000242e8       0x35 ./Core/Src/main.o
 .debug_macro   0x000000000002431d      0x369 ./Core/Src/main.o
 .debug_macro   0x0000000000024686       0x10 ./Core/Src/main.o
 .debug_macro   0x0000000000024696       0x16 ./Core/Src/main.o
 .debug_macro   0x00000000000246ac       0x43 ./Core/Src/main.o
 .debug_macro   0x00000000000246ef       0x34 ./Core/Src/main.o
 .debug_macro   0x0000000000024723       0x10 ./Core/Src/main.o
 .debug_macro   0x0000000000024733       0x58 ./Core/Src/main.o
 .debug_macro   0x000000000002478b       0x8e ./Core/Src/main.o
 .debug_macro   0x0000000000024819       0x1c ./Core/Src/main.o
 .debug_macro   0x0000000000024835      0x177 ./Core/Src/main.o
 .debug_macro   0x00000000000249ac       0x16 ./Core/Src/main.o
 .debug_macro   0x00000000000249c2       0x16 ./Core/Src/main.o
 .debug_macro   0x00000000000249d8      0x147 ./Core/Src/main.o
 .debug_macro   0x0000000000024b1f       0x16 ./Core/Src/main.o
 .debug_macro   0x0000000000024b35       0x20 ./Core/Src/main.o
 .debug_macro   0x0000000000024b55      0x1f2 ./Core/Src/stm32g4xx_hal_msp.o
 .debug_macro   0x0000000000024d47      0x1fc ./Core/Src/stm32g4xx_it.o
 .debug_macro   0x0000000000024f43       0xff ./Core/Src/sysmem.o
 .debug_macro   0x0000000000025042      0x23c ./Core/Src/sysmem.o
 .debug_macro   0x000000000002527e      0x1e3 ./Core/Src/system_stm32g4xx.o
 .debug_macro   0x0000000000025461      0x231 ./Drivers/STM32G4xx_HAL_Driver/Src/stm32g4xx_hal.o
 .debug_macro   0x0000000000025692      0x1e3 ./Drivers/STM32G4xx_HAL_Driver/Src/stm32g4xx_hal_cortex.o
 .debug_macro   0x0000000000025875      0x1e3 ./Drivers/STM32G4xx_HAL_Driver/Src/stm32g4xx_hal_dma.o
 .debug_macro   0x0000000000025a58      0x1ea ./Drivers/STM32G4xx_HAL_Driver/Src/stm32g4xx_hal_gpio.o
 .debug_macro   0x0000000000025c42      0x20d ./Drivers/STM32G4xx_HAL_Driver/Src/stm32g4xx_hal_pwr_ex.o
 .debug_macro   0x0000000000025e4f      0x225 ./Drivers/STM32G4xx_HAL_Driver/Src/stm32g4xx_hal_rcc.o
 .debug_macro   0x0000000000026074      0x20d ./Drivers/STM32G4xx_HAL_Driver/Src/stm32g4xx_hal_rcc_ex.o
 .debug_macro   0x0000000000026281      0x1eb ./Drivers/STM32G4xx_HAL_Driver/Src/stm32g4xx_hal_spi.o
 .debug_macro   0x000000000002646c      0x1eb ./Drivers/STM32G4xx_HAL_Driver/Src/stm32g4xx_hal_tim.o
 .debug_macro   0x0000000000026657      0x1e9 ./Drivers/STM32G4xx_HAL_Driver/Src/stm32g4xx_hal_tim_ex.o
 .debug_macro   0x0000000000026840      0x20e ./Drivers/STM32G4xx_HAL_Driver/Src/stm32g4xx_hal_uart.o
 .debug_macro   0x0000000000026a4e      0x1ef ./Drivers/STM32G4xx_HAL_Driver/Src/stm32g4xx_hal_uart_ex.o

.debug_line     0x0000000000000000    0x15761
 .debug_line    0x0000000000000000      0xcb8 ./Core/Src/main.o
 .debug_line    0x0000000000000cb8      0x84d ./Core/Src/stm32g4xx_hal_msp.o
 .debug_line    0x0000000000001505      0x855 ./Core/Src/stm32g4xx_it.o
 .debug_line    0x0000000000001d5a      0x561 ./Core/Src/sysmem.o
 .debug_line    0x00000000000022bb      0x7cc ./Core/Src/system_stm32g4xx.o
 .debug_line    0x0000000000002a87       0x7b ./Core/Startup/startup_stm32g474retx.o
 .debug_line    0x0000000000002b02      0xb8b ./Drivers/STM32G4xx_HAL_Driver/Src/stm32g4xx_hal.o
 .debug_line    0x000000000000368d      0xcf6 ./Drivers/STM32G4xx_HAL_Driver/Src/stm32g4xx_hal_cortex.o
 .debug_line    0x0000000000004383      0xeaf ./Drivers/STM32G4xx_HAL_Driver/Src/stm32g4xx_hal_dma.o
 .debug_line    0x0000000000005232      0xb86 ./Drivers/STM32G4xx_HAL_Driver/Src/stm32g4xx_hal_gpio.o
 .debug_line    0x0000000000005db8      0xcfa ./Drivers/STM32G4xx_HAL_Driver/Src/stm32g4xx_hal_pwr_ex.o
 .debug_line    0x0000000000006ab2      0xf53 ./Drivers/STM32G4xx_HAL_Driver/Src/stm32g4xx_hal_rcc.o
 .debug_line    0x0000000000007a05     0x1266 ./Drivers/STM32G4xx_HAL_Driver/Src/stm32g4xx_hal_rcc_ex.o
 .debug_line    0x0000000000008c6b     0x1fc0 ./Drivers/STM32G4xx_HAL_Driver/Src/stm32g4xx_hal_spi.o
 .debug_line    0x000000000000ac2b     0x4027 ./Drivers/STM32G4xx_HAL_Driver/Src/stm32g4xx_hal_tim.o
 .debug_line    0x000000000000ec52     0x218e ./Drivers/STM32G4xx_HAL_Driver/Src/stm32g4xx_hal_tim_ex.o
 .debug_line    0x0000000000010de0     0x3bd3 ./Drivers/STM32G4xx_HAL_Driver/Src/stm32g4xx_hal_uart.o
 .debug_line    0x00000000000149b3      0xdae ./Drivers/STM32G4xx_HAL_Driver/Src/stm32g4xx_hal_uart_ex.o

.debug_str      0x0000000000000000    0xfdde5
 .debug_str     0x0000000000000000    0xf9086 ./Core/Src/main.o
                                      0xf9484 (size before relaxing)
 .debug_str     0x00000000000f9086      0x2d2 ./Core/Src/stm32g4xx_hal_msp.o
                                      0xf5aca (size before relaxing)
 .debug_str     0x00000000000f9358      0x11a ./Core/Src/stm32g4xx_it.o
                                      0xf4b6d (size before relaxing)
 .debug_str     0x00000000000f9472      0x4dc ./Core/Src/sysmem.o
                                       0x6072 (size before relaxing)
 .debug_str     0x00000000000f994e       0xdb ./Core/Src/system_stm32g4xx.o
                                      0xf462d (size before relaxing)
 .debug_str     0x00000000000f9a29       0x34 ./Core/Startup/startup_stm32g474retx.o
                                         0x84 (size before relaxing)
 .debug_str     0x00000000000f9a5d      0x5d9 ./Drivers/STM32G4xx_HAL_Driver/Src/stm32g4xx_hal.o
                                      0xf533f (size before relaxing)
 .debug_str     0x00000000000fa036      0x31d ./Drivers/STM32G4xx_HAL_Driver/Src/stm32g4xx_hal_cortex.o
                                      0xf4fc3 (size before relaxing)
 .debug_str     0x00000000000fa353      0x2ce ./Drivers/STM32G4xx_HAL_Driver/Src/stm32g4xx_hal_dma.o
                                      0xf4a07 (size before relaxing)
 .debug_str     0x00000000000fa621       0xf9 ./Drivers/STM32G4xx_HAL_Driver/Src/stm32g4xx_hal_gpio.o
                                      0xf47b8 (size before relaxing)
 .debug_str     0x00000000000fa71a      0x4a5 ./Drivers/STM32G4xx_HAL_Driver/Src/stm32g4xx_hal_pwr_ex.o
                                      0xf4b1b (size before relaxing)
 .debug_str     0x00000000000fabbf      0x506 ./Drivers/STM32G4xx_HAL_Driver/Src/stm32g4xx_hal_rcc.o
                                      0xf4d4c (size before relaxing)
 .debug_str     0x00000000000fb0c5      0x40b ./Drivers/STM32G4xx_HAL_Driver/Src/stm32g4xx_hal_rcc_ex.o
                                      0xf4d76 (size before relaxing)
 .debug_str     0x00000000000fb4d0      0x53b ./Drivers/STM32G4xx_HAL_Driver/Src/stm32g4xx_hal_spi.o
                                      0xf4f65 (size before relaxing)
 .debug_str     0x00000000000fba0b      0xeda ./Drivers/STM32G4xx_HAL_Driver/Src/stm32g4xx_hal_tim.o
                                      0xf5b2b (size before relaxing)
 .debug_str     0x00000000000fc8e5      0x910 ./Drivers/STM32G4xx_HAL_Driver/Src/stm32g4xx_hal_tim_ex.o
                                      0xf579f (size before relaxing)
 .debug_str     0x00000000000fd1f5      0x98c ./Drivers/STM32G4xx_HAL_Driver/Src/stm32g4xx_hal_uart.o
                                      0xf55e8 (size before relaxing)
 .debug_str     0x00000000000fdb81      0x264 ./Drivers/STM32G4xx_HAL_Driver/Src/stm32g4xx_hal_uart_ex.o
                                      0xf4de6 (size before relaxing)

.debug_frame    0x0000000000000000     0x53e4
 .debug_frame   0x0000000000000000      0x1c8 ./Core/Src/main.o
 .debug_frame   0x00000000000001c8      0x118 ./Core/Src/stm32g4xx_hal_msp.o
 .debug_frame   0x00000000000002e0      0x13c ./Core/Src/stm32g4xx_it.o
 .debug_frame   0x000000000000041c       0x34 ./Core/Src/sysmem.o
 .debug_frame   0x0000000000000450       0x58 ./Core/Src/system_stm32g4xx.o
 .debug_frame   0x00000000000004a8      0x500 ./Drivers/STM32G4xx_HAL_Driver/Src/stm32g4xx_hal.o
 .debug_frame   0x00000000000009a8      0x498 ./Drivers/STM32G4xx_HAL_Driver/Src/stm32g4xx_hal_cortex.o
 .debug_frame   0x0000000000000e40      0x24c ./Drivers/STM32G4xx_HAL_Driver/Src/stm32g4xx_hal_dma.o
 .debug_frame   0x000000000000108c      0x14c ./Drivers/STM32G4xx_HAL_Driver/Src/stm32g4xx_hal_gpio.o
 .debug_frame   0x00000000000011d8      0x4fc ./Drivers/STM32G4xx_HAL_Driver/Src/stm32g4xx_hal_pwr_ex.o
 .debug_frame   0x00000000000016d4      0x23c ./Drivers/STM32G4xx_HAL_Driver/Src/stm32g4xx_hal_rcc.o
 .debug_frame   0x0000000000001910      0x2ac ./Drivers/STM32G4xx_HAL_Driver/Src/stm32g4xx_hal_rcc_ex.o
 .debug_frame   0x0000000000001bbc      0x860 ./Drivers/STM32G4xx_HAL_Driver/Src/stm32g4xx_hal_spi.o
 .debug_frame   0x000000000000241c     0x1220 ./Drivers/STM32G4xx_HAL_Driver/Src/stm32g4xx_hal_tim.o
 .debug_frame   0x000000000000363c      0xa70 ./Drivers/STM32G4xx_HAL_Driver/Src/stm32g4xx_hal_tim_ex.o
 .debug_frame   0x00000000000040ac      0xa94 ./Drivers/STM32G4xx_HAL_Driver/Src/stm32g4xx_hal_uart.o
 .debug_frame   0x0000000000004b40      0x2c0 ./Drivers/STM32G4xx_HAL_Driver/Src/stm32g4xx_hal_uart_ex.o
 .debug_frame   0x0000000000004e00      0x144 D:/WORK/CODING/STM32 CUBE IDE/STM32CubeIDE_1.13.2/STM32CubeIDE/plugins/com.st.stm32cube.ide.mcu.externaltools.gnu-tools-for-stm32.11.3.rel1.win32_1.1.1.202309131626/tools/bin/../lib/gcc/arm-none-eabi/11.3.1/../../../../arm-none-eabi/lib/thumb/v7e-m+fp/hard\libc_nano.a(libc_a-findfp.o)
 .debug_frame   0x0000000000004f44       0x6c D:/WORK/CODING/STM32 CUBE IDE/STM32CubeIDE_1.13.2/STM32CubeIDE/plugins/com.st.stm32cube.ide.mcu.externaltools.gnu-tools-for-stm32.11.3.rel1.win32_1.1.1.202309131626/tools/bin/../lib/gcc/arm-none-eabi/11.3.1/../../../../arm-none-eabi/lib/thumb/v7e-m+fp/hard\libc_nano.a(libc_a-sprintf.o)
 .debug_frame   0x0000000000004fb0       0x20 D:/WORK/CODING/STM32 CUBE IDE/STM32CubeIDE_1.13.2/STM32CubeIDE/plugins/com.st.stm32cube.ide.mcu.externaltools.gnu-tools-for-stm32.11.3.rel1.win32_1.1.1.202309131626/tools/bin/../lib/gcc/arm-none-eabi/11.3.1/../../../../arm-none-eabi/lib/thumb/v7e-m+fp/hard\libc_nano.a(libc_a-memset.o)
 .debug_frame   0x0000000000004fd0       0x38 D:/WORK/CODING/STM32 CUBE IDE/STM32CubeIDE_1.13.2/STM32CubeIDE/plugins/com.st.stm32cube.ide.mcu.externaltools.gnu-tools-for-stm32.11.3.rel1.win32_1.1.1.202309131626/tools/bin/../lib/gcc/arm-none-eabi/11.3.1/../../../../arm-none-eabi/lib/thumb/v7e-m+fp/hard\libc_nano.a(libc_a-reent.o)
 .debug_frame   0x0000000000005008       0x20 D:/WORK/CODING/STM32 CUBE IDE/STM32CubeIDE_1.13.2/STM32CubeIDE/plugins/com.st.stm32cube.ide.mcu.externaltools.gnu-tools-for-stm32.11.3.rel1.win32_1.1.1.202309131626/tools/bin/../lib/gcc/arm-none-eabi/11.3.1/../../../../arm-none-eabi/lib/thumb/v7e-m+fp/hard\libc_nano.a(libc_a-errno.o)
 .debug_frame   0x0000000000005028       0x2c D:/WORK/CODING/STM32 CUBE IDE/STM32CubeIDE_1.13.2/STM32CubeIDE/plugins/com.st.stm32cube.ide.mcu.externaltools.gnu-tools-for-stm32.11.3.rel1.win32_1.1.1.202309131626/tools/bin/../lib/gcc/arm-none-eabi/11.3.1/../../../../arm-none-eabi/lib/thumb/v7e-m+fp/hard\libc_nano.a(libc_a-init.o)
 .debug_frame   0x0000000000005054       0xb0 D:/WORK/CODING/STM32 CUBE IDE/STM32CubeIDE_1.13.2/STM32CubeIDE/plugins/com.st.stm32cube.ide.mcu.externaltools.gnu-tools-for-stm32.11.3.rel1.win32_1.1.1.202309131626/tools/bin/../lib/gcc/arm-none-eabi/11.3.1/../../../../arm-none-eabi/lib/thumb/v7e-m+fp/hard\libc_nano.a(libc_a-lock.o)
 .debug_frame   0x0000000000005104       0x38 D:/WORK/CODING/STM32 CUBE IDE/STM32CubeIDE_1.13.2/STM32CubeIDE/plugins/com.st.stm32cube.ide.mcu.externaltools.gnu-tools-for-stm32.11.3.rel1.win32_1.1.1.202309131626/tools/bin/../lib/gcc/arm-none-eabi/11.3.1/../../../../arm-none-eabi/lib/thumb/v7e-m+fp/hard\libc_nano.a(libc_a-freer.o)
 .debug_frame   0x000000000000513c       0x50 D:/WORK/CODING/STM32 CUBE IDE/STM32CubeIDE_1.13.2/STM32CubeIDE/plugins/com.st.stm32cube.ide.mcu.externaltools.gnu-tools-for-stm32.11.3.rel1.win32_1.1.1.202309131626/tools/bin/../lib/gcc/arm-none-eabi/11.3.1/../../../../arm-none-eabi/lib/thumb/v7e-m+fp/hard\libc_nano.a(libc_a-mallocr.o)
 .debug_frame   0x000000000000518c       0x30 D:/WORK/CODING/STM32 CUBE IDE/STM32CubeIDE_1.13.2/STM32CubeIDE/plugins/com.st.stm32cube.ide.mcu.externaltools.gnu-tools-for-stm32.11.3.rel1.win32_1.1.1.202309131626/tools/bin/../lib/gcc/arm-none-eabi/11.3.1/../../../../arm-none-eabi/lib/thumb/v7e-m+fp/hard\libc_nano.a(libc_a-mlock.o)
 .debug_frame   0x00000000000051bc       0x90 D:/WORK/CODING/STM32 CUBE IDE/STM32CubeIDE_1.13.2/STM32CubeIDE/plugins/com.st.stm32cube.ide.mcu.externaltools.gnu-tools-for-stm32.11.3.rel1.win32_1.1.1.202309131626/tools/bin/../lib/gcc/arm-none-eabi/11.3.1/../../../../arm-none-eabi/lib/thumb/v7e-m+fp/hard\libc_nano.a(libc_a-nano-svfprintf.o)
 .debug_frame   0x000000000000524c       0x60 D:/WORK/CODING/STM32 CUBE IDE/STM32CubeIDE_1.13.2/STM32CubeIDE/plugins/com.st.stm32cube.ide.mcu.externaltools.gnu-tools-for-stm32.11.3.rel1.win32_1.1.1.202309131626/tools/bin/../lib/gcc/arm-none-eabi/11.3.1/../../../../arm-none-eabi/lib/thumb/v7e-m+fp/hard\libc_nano.a(libc_a-nano-vfprintf_i.o)
 .debug_frame   0x00000000000052ac       0x28 D:/WORK/CODING/STM32 CUBE IDE/STM32CubeIDE_1.13.2/STM32CubeIDE/plugins/com.st.stm32cube.ide.mcu.externaltools.gnu-tools-for-stm32.11.3.rel1.win32_1.1.1.202309131626/tools/bin/../lib/gcc/arm-none-eabi/11.3.1/../../../../arm-none-eabi/lib/thumb/v7e-m+fp/hard\libc_nano.a(libc_a-memmove.o)
 .debug_frame   0x00000000000052d4       0x2c D:/WORK/CODING/STM32 CUBE IDE/STM32CubeIDE_1.13.2/STM32CubeIDE/plugins/com.st.stm32cube.ide.mcu.externaltools.gnu-tools-for-stm32.11.3.rel1.win32_1.1.1.202309131626/tools/bin/../lib/gcc/arm-none-eabi/11.3.1/../../../../arm-none-eabi/lib/thumb/v7e-m+fp/hard\libc_nano.a(libc_a-sbrkr.o)
 .debug_frame   0x0000000000005300       0x28 D:/WORK/CODING/STM32 CUBE IDE/STM32CubeIDE_1.13.2/STM32CubeIDE/plugins/com.st.stm32cube.ide.mcu.externaltools.gnu-tools-for-stm32.11.3.rel1.win32_1.1.1.202309131626/tools/bin/../lib/gcc/arm-none-eabi/11.3.1/../../../../arm-none-eabi/lib/thumb/v7e-m+fp/hard\libc_nano.a(libc_a-memcpy-stub.o)
 .debug_frame   0x0000000000005328       0x3c D:/WORK/CODING/STM32 CUBE IDE/STM32CubeIDE_1.13.2/STM32CubeIDE/plugins/com.st.stm32cube.ide.mcu.externaltools.gnu-tools-for-stm32.11.3.rel1.win32_1.1.1.202309131626/tools/bin/../lib/gcc/arm-none-eabi/11.3.1/../../../../arm-none-eabi/lib/thumb/v7e-m+fp/hard\libc_nano.a(libc_a-reallocr.o)
 .debug_frame   0x0000000000005364       0x20 D:/WORK/CODING/STM32 CUBE IDE/STM32CubeIDE_1.13.2/STM32CubeIDE/plugins/com.st.stm32cube.ide.mcu.externaltools.gnu-tools-for-stm32.11.3.rel1.win32_1.1.1.202309131626/tools/bin/../lib/gcc/arm-none-eabi/11.3.1/../../../../arm-none-eabi/lib/thumb/v7e-m+fp/hard\libc_nano.a(libc_a-msizer.o)
 .debug_frame   0x0000000000005384       0x2c D:/WORK/CODING/STM32 CUBE IDE/STM32CubeIDE_1.13.2/STM32CubeIDE/plugins/com.st.stm32cube.ide.mcu.externaltools.gnu-tools-for-stm32.11.3.rel1.win32_1.1.1.202309131626/tools/bin/../lib/gcc/arm-none-eabi/11.3.1/thumb/v7e-m+fp/hard\libgcc.a(_aeabi_uldivmod.o)
 .debug_frame   0x00000000000053b0       0x34 D:/WORK/CODING/STM32 CUBE IDE/STM32CubeIDE_1.13.2/STM32CubeIDE/plugins/com.st.stm32cube.ide.mcu.externaltools.gnu-tools-for-stm32.11.3.rel1.win32_1.1.1.202309131626/tools/bin/../lib/gcc/arm-none-eabi/11.3.1/thumb/v7e-m+fp/hard\libgcc.a(_udivmoddi4.o)

.debug_line_str
                0x0000000000000000       0x78
 .debug_line_str
                0x0000000000000000       0x78 ./Core/Startup/startup_stm32g474retx.o
                                         0x90 (size before relaxing)